[   36.180493] Booting Linux on physical CPU 0x0000000000 [0x412fd050]
[   36.180529] Linux version 6.1.75-rkr3 (bill88t@icu) (gcc (GCC) 14.2.1 20250207, GNU ld (GNU Binutils) 2.44) #2 SMP Sat May  3 16:52:42 EEST 2025
[   36.191311] Machine model: Firefly ITX-3588J
[   36.191513] efi: EFI v2.70 by EDK II
[   36.191524] efi: SMBIOS=0xefe80000 SMBIOS 3.0=0xefe60000 MEMATTR=0xed8f8018 ACPI 2.0=0xeee4b018 INITRD=0xed82ad98 RNG=0xeee4b898 MEMRESERVE=0xed82a998 
[   36.196279] OF: fdt: Reserved memory: failed to reserve memory for node 'drm-logo@0': base 0x0000000000000000, size 0 MiB
[   36.196307] OF: fdt: Reserved memory: failed to reserve memory for node 'drm-cubic-lut@0': base 0x0000000000000000, size 0 MiB
[   36.196441] Reserved memory: created CMA memory pool at 0x0000000010000000, size 256 MiB
[   36.196449] OF: reserved mem: initialized node cma, compatible id shared-dma-pool
[   36.444037] Zone ranges:
[   36.444046]   DMA      [mem 0x0000000000200000-0x00000000ffffffff]
[   36.444061]   DMA32    empty
[   36.444067]   Normal   [mem 0x0000000100000000-0x00000001ffffffff]
[   36.444077] Movable zone start for each node
[   36.444080] Early memory node ranges
[   36.444083]   node   0: [mem 0x0000000000200000-0x00000000006fffff]
[   36.444092]   node   0: [mem 0x00000000007c0000-0x00000000007effff]
[   36.444099]   node   0: [mem 0x00000000007f0000-0x00000000083fffff]
[   36.444106]   node   0: [mem 0x0000000008400000-0x00000000093fffff]
[   36.444112]   node   0: [mem 0x0000000009400000-0x00000000ed91ffff]
[   36.444121]   node   0: [mem 0x00000000ed920000-0x00000000ee10ffff]
[   36.444128]   node   0: [mem 0x00000000ee110000-0x00000000ee2cffff]
[   36.444135]   node   0: [mem 0x00000000ee2d0000-0x00000000ee33ffff]
[   36.444142]   node   0: [mem 0x00000000ee340000-0x00000000ee7fffff]
[   36.444148]   node   0: [mem 0x00000000ee800000-0x00000000eeaaffff]
[   36.444155]   node   0: [mem 0x00000000eeab0000-0x00000000eeb3ffff]
[   36.444162]   node   0: [mem 0x00000000eeb40000-0x00000000eeb7ffff]
[   36.444168]   node   0: [mem 0x00000000eeb80000-0x00000000eec2ffff]
[   36.444175]   node   0: [mem 0x00000000eec30000-0x00000000eec7ffff]
[   36.444182]   node   0: [mem 0x00000000eec80000-0x00000000efbfffff]
[   36.444188]   node   0: [mem 0x00000000efc00000-0x00000000effdffff]
[   36.444195]   node   0: [mem 0x00000000effe0000-0x00000000efffffff]
[   36.444201]   node   0: [mem 0x0000000100000000-0x00000001ffffffff]
[   36.444213] Initmem setup node 0 [mem 0x0000000000200000-0x00000001ffffffff]
[   36.444319] On node 0, zone DMA: 512 pages in unavailable ranges
[   36.444345] On node 0, zone DMA: 192 pages in unavailable ranges
[   36.518398] psci: probing for conduit method from DT.
[   36.518411] psci: PSCIv1.1 detected in firmware.
[   36.518418] psci: Using standard PSCI v0.2 function IDs
[   36.518425] psci: MIGRATE_INFO_TYPE not supported.
[   36.518434] psci: SMC Calling Convention v1.5
[   36.518972] percpu: Embedded 29 pages/cpu s79528 r8192 d31064 u118784
[   36.519044] pcpu-alloc: s79528 r8192 d31064 u118784 alloc=29*4096
[   36.519061] pcpu-alloc: [0] 0 [0] 1 [0] 2 [0] 3 [0] 4 [0] 5 [0] 6 [0] 7 
[   36.519263] Detected VIPT I-cache on CPU0
[   36.519338] CPU features: detected: GIC system register CPU interface
[   36.519344] CPU features: detected: Virtualization Host Extensions
[   36.519360] CPU features: kernel page table isolation forced ON by KASLR
[   36.519365] CPU features: detected: Kernel page table isolation (KPTI)
[   36.519374] CPU features: detected: Qualcomm erratum 1009, or ARM erratum 1286807, 2441009
[   36.519380] CPU features: detected: ARM errata 1165522, 1319367, or 1530923
[   36.519387] alternatives: applying boot alternatives
[   36.519917] Built 1 zonelists, mobility grouping on.  Total pages: 1999179
[   36.519934] Kernel command line: BOOT_IMAGE=/@/boot/vmlinuz-linux-rockchip-rkr3 root=UUID=cac7d3a8-a0d9-42ad-8fd1-5f50a30c5a7c rw rootflags=subvol=@ debug console=ttyS0 console=tty1 console=both rootwait rw init=/sbin/init
[   36.520435] Unknown kernel command line parameters "BOOT_IMAGE=/@/boot/vmlinuz-linux-rockchip-rkr3", will be passed to user space.
[   36.521573] Dentry cache hash table entries: 1048576 (order: 11, 8388608 bytes, linear)
[   36.522127] Inode-cache hash table entries: 524288 (order: 10, 4194304 bytes, linear)
[   36.522139] mem auto-init: stack:off, heap alloc:off, heap free:off
[   36.522148] software IO TLB: area num 8.
[   36.539472] software IO TLB: mapped [mem 0x00000000e982a000-0x00000000ed82a000] (64MB)
[   36.632413] Memory: 7551052K/8123648K available (17664K kernel code, 3736K rwdata, 7184K rodata, 7552K init, 684K bss, 310452K reserved, 262144K cma-reserved)
[   36.632637] SLUB: HWalign=64, Order=0-3, MinObjects=0, CPUs=8, Nodes=1
[   36.632691] ftrace: allocating 67273 entries in 263 pages
[   36.801993] ftrace: allocated 263 pages with 4 groups
[   36.802129] trace event string verifier disabled
[   36.802426] rcu: Hierarchical RCU implementation.
[   36.802433] rcu: 	RCU event tracing is enabled.
[   36.802438] 	Rude variant of Tasks RCU enabled.
[   36.802442] 	Tracing variant of Tasks RCU enabled.
[   36.802445] rcu: RCU calculated value of scheduler-enlistment delay is 30 jiffies.
[   36.815246] NR_IRQS: 64, nr_irqs: 64, preallocated irqs: 0
[   36.819965] GICv3: GIC: Using split EOI/Deactivate mode
[   36.819974] GICv3: 480 SPIs implemented
[   36.819979] GICv3: 0 Extended SPIs implemented
[   36.820033] Root IRQ handler: gic_handle_irq
[   36.820055] GICv3: GICv3 features: 16 PPIs
[   36.820104] GICv3: CPU0: found redistributor 0 region 0:0x00000000fe680000
[   36.820668] ITS [mem 0xfe640000-0xfe65ffff]
[   36.820749] ITS@0x00000000fe640000: allocated 8192 Devices @100230000 (indirect, esz 8, psz 64K, shr 0)
[   36.820795] ITS@0x00000000fe640000: allocated 32768 Interrupt Collections @100240000 (flat, esz 2, psz 64K, shr 0)
[   36.820817] ITS: using cache flushing for cmd queue
[   36.820868] ITS [mem 0xfe660000-0xfe67ffff]
[   36.820936] ITS@0x00000000fe660000: allocated 8192 Devices @100260000 (indirect, esz 8, psz 64K, shr 0)
[   36.820979] ITS@0x00000000fe660000: allocated 32768 Interrupt Collections @100270000 (flat, esz 2, psz 64K, shr 0)
[   36.821001] ITS: using cache flushing for cmd queue
[   36.821423] GICv3: using LPI property table @0x0000000100280000
[   36.821622] GIC: using cache flushing for LPI property table
[   36.821633] GICv3: CPU0: using allocated LPI pending table @0x0000000100290000
[   36.821724] rcu: srcu_init: Setting srcu_struct sizes based on contention.
[   37.023369] arch_timer: cp15 timer(s) running at 24.00MHz (phys).
[   37.023387] clocksource: arch_sys_counter: mask: 0xffffffffffffff max_cycles: 0x588fe9dc0, max_idle_ns: 440795202592 ns
[   37.023401] sched_clock: 56 bits at 24MHz, resolution 41ns, wraps every 4398046511097ns
[   37.025705] Console: colour dummy device 80x25
[   37.026902] printk: console [tty1] enabled
[   37.026962] Calibrating delay loop (skipped), value calculated using timer frequency.. 48.00 BogoMIPS (lpj=80000)
[   37.026998] pid_max: default: 32768 minimum: 301
[   37.027102] LSM: Security Framework initializing
[   37.027280] Mount-cache hash table entries: 16384 (order: 5, 131072 bytes, linear)
[   37.027339] Mountpoint-cache hash table entries: 16384 (order: 5, 131072 bytes, linear)
[   37.030432] cblist_init_generic: Setting adjustable number of callback queues.
[   37.030464] cblist_init_generic: Setting shift to 3 and lim to 1.
[   37.030660] cblist_init_generic: Setting adjustable number of callback queues.
[   37.030687] cblist_init_generic: Setting shift to 3 and lim to 1.
[   37.031066] rcu: Hierarchical SRCU implementation.
[   37.031089] rcu: 	Max phase no-delay instances is 1000.
[   37.032525] Platform MSI: msi-controller@fe640000 domain created
[   37.032572] Platform MSI: msi-controller@fe660000 domain created
[   37.033285] PCI/MSI: /interrupt-controller@fe600000/msi-controller@fe640000 domain created
[   37.033344] PCI/MSI: /interrupt-controller@fe600000/msi-controller@fe660000 domain created
[   37.033749] Remapping and enabling EFI services.
[   37.035261] smp: Bringing up secondary CPUs ...
[   37.036259] Detected VIPT I-cache on CPU1
[   37.036390] GICv3: CPU1: found redistributor 100 region 0:0x00000000fe6a0000
[   37.036422] GICv3: CPU1: using allocated LPI pending table @0x00000001002a0000
[   37.036477] CPU1: Booted secondary processor 0x0000000100 [0x412fd050]
[   37.037625] Detected VIPT I-cache on CPU2
[   37.037754] GICv3: CPU2: found redistributor 200 region 0:0x00000000fe6c0000
[   37.037784] GICv3: CPU2: using allocated LPI pending table @0x00000001002b0000
[   37.037835] CPU2: Booted secondary processor 0x0000000200 [0x412fd050]
[   37.038967] Detected VIPT I-cache on CPU3
[   37.039097] GICv3: CPU3: found redistributor 300 region 0:0x00000000fe6e0000
[   37.039127] GICv3: CPU3: using allocated LPI pending table @0x00000001002c0000
[   37.039175] CPU3: Booted secondary processor 0x0000000300 [0x412fd050]
[   37.040348] CPU features: detected: Spectre-v4
[   37.040355] CPU features: detected: Spectre-BHB
[   37.040360] Detected PIPT I-cache on CPU4
[   37.040434] GICv3: CPU4: found redistributor 400 region 0:0x00000000fe700000
[   37.040452] GICv3: CPU4: using allocated LPI pending table @0x00000001002d0000
[   37.040482] CPU4: Booted secondary processor 0x0000000400 [0x414fd0b0]
[   37.041579] Detected PIPT I-cache on CPU5
[   37.041664] GICv3: CPU5: found redistributor 500 region 0:0x00000000fe720000
[   37.041682] GICv3: CPU5: using allocated LPI pending table @0x00000001002e0000
[   37.041715] CPU5: Booted secondary processor 0x0000000500 [0x414fd0b0]
[   37.042740] Detected PIPT I-cache on CPU6
[   37.042821] GICv3: CPU6: found redistributor 600 region 0:0x00000000fe740000
[   37.042839] GICv3: CPU6: using allocated LPI pending table @0x00000001002f0000
[   37.042870] CPU6: Booted secondary processor 0x0000000600 [0x414fd0b0]
[   37.043966] Detected PIPT I-cache on CPU7
[   37.044049] GICv3: CPU7: found redistributor 700 region 0:0x00000000fe760000
[   37.044067] GICv3: CPU7: using allocated LPI pending table @0x0000000100300000
[   37.044099] CPU7: Booted secondary processor 0x0000000700 [0x414fd0b0]
[   37.044216] smp: Brought up 1 node, 8 CPUs
[   37.044603] SMP: Total of 8 processors activated.
[   37.044622] CPU features: detected: 32-bit EL0 Support
[   37.044638] CPU features: detected: Data cache clean to the PoU not required for I/D coherence
[   37.044661] CPU features: detected: Common not Private translations
[   37.044679] CPU features: detected: CRC32 instructions
[   37.044698] CPU features: detected: RCpc load-acquire (LDAPR)
[   37.044715] CPU features: detected: Privileged Access Never
[   37.044731] CPU features: detected: RAS Extension Support
[   37.044750] CPU features: detected: Speculative Store Bypassing Safe (SSBS)
[   37.044997] CPU: All CPU(s) started at EL2
[   37.045019] alternatives: applying system-wide alternatives
[   37.048658] devtmpfs: initialized
[   37.072656] Registered cp15_barrier emulation handler
[   37.072676] Registered setend emulation handler
[   37.072798] clocksource: jiffies: mask: 0xffffffff max_cycles: 0xffffffff, max_idle_ns: 6370867519511994 ns
[   37.072818] futex hash table entries: 2048 (order: 5, 131072 bytes, linear)
[   37.075754] pinctrl core: initialized pinctrl subsystem
[   37.075913] regulator-dummy: no parameters, enabled
[   37.076117] SMBIOS 3.3.0 present.
[   37.076134] DMI: Firefly ITX-3588J/ITX-3588J, BIOS v0.12.3 01/15/2025
[   37.077413] NET: Registered PF_NETLINK/PF_ROUTE protocol family
[   37.078328] DMA: preallocated 1024 KiB GFP_KERNEL pool for atomic allocations
[   37.078654] DMA: preallocated 1024 KiB GFP_KERNEL|GFP_DMA pool for atomic allocations
[   37.078884] DMA: preallocated 1024 KiB GFP_KERNEL|GFP_DMA32 pool for atomic allocations
[   37.078933] audit: initializing netlink subsys (disabled)
[   37.079109] audit: type=2000 audit(0.053:1): state=initialized audit_enabled=0 res=1
[   37.079947] Registered FIQ tty driver
[   37.080163] thermal_sys: Registered thermal governor 'fair_share'
[   37.080167] thermal_sys: Registered thermal governor 'step_wise'
[   37.080176] thermal_sys: Registered thermal governor 'user_space'
[   37.080183] thermal_sys: Registered thermal governor 'power_allocator'
[   37.080227] cpuidle: using governor menu
[   37.080497] hw-breakpoint: found 6 breakpoint and 4 watchpoint registers.
[   37.080687] ASID allocator initialised with 32768 entries
[   37.083624] ramoops: dmesg-0	0x18000@0x0000000000110000
[   37.083638] ramoops: dmesg-1	0x18000@0x0000000000128000
[   37.083857] ramoops: console	0x80000@0x0000000000140000
[   37.083877] ramoops: pmsg	0x30000@0x00000000001c0000
[   37.084304] printk: console [ramoops-1] enabled
[   37.084314] pstore: Registered ramoops as persistent store backend
[   37.084323] ramoops: using 0xe0000@0x110000, ecc: 0
[   37.136942] platform fde50000.dp: Fixed dependency cycle(s) with /vop@fdd90000/ports/port@2/endpoint@0
[   37.137378] platform fde80000.hdmi: Fixed dependency cycle(s) with /vop@fdd90000/ports/port@0/endpoint@2
[   37.154214] rockchip-gpio fd8a0000.gpio: probed /pinctrl/gpio@fd8a0000
[   37.154621] rockchip-gpio fec20000.gpio: probed /pinctrl/gpio@fec20000
[   37.154975] rockchip-gpio fec30000.gpio: probed /pinctrl/gpio@fec30000
[   37.155349] rockchip-gpio fec40000.gpio: probed /pinctrl/gpio@fec40000
[   37.155775] rockchip-gpio fec50000.gpio: probed /pinctrl/gpio@fec50000
[   37.155855] rockchip-pinctrl pinctrl: probed pinctrl
[   37.157708] platform fde60000.dp: Fixed dependency cycle(s) with /vop@fdd90000/ports/port@2/endpoint@5
[   37.158250] platform fdea0000.hdmi: Fixed dependency cycle(s) with /vop@fdd90000/ports/port@1/endpoint@5
[   37.164744] KASLR enabled
[   37.172232] HugeTLB: registered 1.00 GiB page size, pre-allocated 0 pages
[   37.172248] HugeTLB: 0 KiB vmemmap can be freed for a 1.00 GiB page
[   37.172261] HugeTLB: registered 32.0 MiB page size, pre-allocated 0 pages
[   37.172270] HugeTLB: 0 KiB vmemmap can be freed for a 32.0 MiB page
[   37.172281] HugeTLB: registered 2.00 MiB page size, pre-allocated 0 pages
[   37.172291] HugeTLB: 0 KiB vmemmap can be freed for a 2.00 MiB page
[   37.172302] HugeTLB: registered 64.0 KiB page size, pre-allocated 0 pages
[   37.172311] HugeTLB: 0 KiB vmemmap can be freed for a 64.0 KiB page
[   37.226777] raid6: neonx8   gen()  4244 MB/s
[   37.283558] raid6: neonx4   gen()  4246 MB/s
[   37.340320] raid6: neonx2   gen()  3642 MB/s
[   37.397085] raid6: neonx1   gen()  2705 MB/s
[   37.453857] raid6: int64x8  gen()   911 MB/s
[   37.510616] raid6: int64x4  gen()  1081 MB/s
[   37.567376] raid6: int64x2  gen()  1292 MB/s
[   37.624144] raid6: int64x1  gen()  1360 MB/s
[   37.624153] raid6: using algorithm neonx4 gen() 4246 MB/s
[   37.680892] raid6: .... xor() 3254 MB/s, rmw enabled
[   37.680901] raid6: using neon recovery algorithm
[   37.681821] fiq_debugger fiq_debugger.0: error -ENXIO: IRQ fiq not found
[   37.681843] fiq_debugger fiq_debugger.0: error -ENXIO: IRQ wakeup not found
[   37.681858] fiq_debugger_probe: could not install nmi irq handler
[   37.682271] printk: console [ttyFIQ0] enabled
[   37.682448] Registered fiq debugger ttyFIQ0
[   37.682815] vcc12v_dcin: 12000 mV, enabled
[   37.682930] reg-fixed-voltage vcc12v-dcin: vcc12v_dcin supplying 12000000uV
[   37.683032] reg-fixed-voltage vcc5v0-sys: Looking up vin-supply from device tree
[   37.683051] vcc5v0_sys: supplied by vcc12v_dcin
[   37.683063] vcc12v_dcin: could not add device link regulator.2: -ENOENT
[   37.683100] vcc5v0_sys: 5000 mV, enabled
[   37.683187] reg-fixed-voltage vcc5v0-sys: vcc5v0_sys supplying 5000000uV
[   37.683273] reg-fixed-voltage vcc5v0-usbdcin: Looking up vin-supply from device tree
[   37.683291] vcc5v0_usbdcin: supplied by vcc12v_dcin
[   37.683304] vcc12v_dcin: could not add device link regulator.3: -ENOENT
[   37.683331] vcc5v0_usbdcin: 5000 mV, enabled
[   37.683424] reg-fixed-voltage vcc5v0-usbdcin: vcc5v0_usbdcin supplying 5000000uV
[   37.683503] reg-fixed-voltage vcc5v0-usb: Looking up vin-supply from device tree
[   37.683520] vcc5v0_usb: supplied by vcc12v_dcin
[   37.683533] vcc12v_dcin: could not add device link regulator.4: -ENOENT
[   37.683559] vcc5v0_usb: 5000 mV, enabled
[   37.683644] reg-fixed-voltage vcc5v0-usb: vcc5v0_usb supplying 5000000uV
[   37.683721] reg-fixed-voltage vcc-1v1-nldo-s3: Looking up vin-supply from device tree
[   37.683738] vcc_1v1_nldo_s3: supplied by vcc5v0_sys
[   37.683751] vcc5v0_sys: could not add device link regulator.5: -ENOENT
[   37.683777] vcc_1v1_nldo_s3: 1100 mV, enabled
[   37.683875] reg-fixed-voltage vcc-1v1-nldo-s3: vcc_1v1_nldo_s3 supplying 1100000uV
[   37.684040] vcc3v3_pcie30: 3300 mV, disabled
[   37.684123] reg-fixed-voltage vcc3v3-pcie30: Looking up vin-supply from device tree
[   37.684141] vcc3v3_pcie30: supplied by vcc12v_dcin
[   37.684189] reg-fixed-voltage vcc3v3-pcie30: vcc3v3_pcie30 supplying 3300000uV
[   37.684623] iommu: Default domain type: Translated 
[   37.684639] iommu: DMA domain TLB invalidation policy: strict mode 
[   37.684861] SCSI subsystem initialized
[   37.684891] libata version 3.00 loaded.
[   37.684990] usbcore: registered new interface driver usbfs
[   37.685022] usbcore: registered new interface driver hub
[   37.685050] usbcore: registered new device driver usb
[   37.685130] mc: Linux media interface: v0.10
[   37.685159] videodev: Linux video capture interface: v2.00
[   37.685210] pps_core: LinuxPPS API ver. 1 registered
[   37.685221] pps_core: Software ver. 5.3.6 - Copyright 2005-2007 Rodolfo Giometti <giometti@linux.it>
[   37.685241] PTP clock support registered
[   37.685566] arm-scmi firmware:scmi: Enabled polling mode TX channel - prot_id:16
[   37.685648] arm-scmi firmware:scmi: SCMI Notifications - Core Enabled.
[   37.685700] arm-scmi firmware:scmi: SCMI Protocol v2.0 'rockchip:' Firmware version 0x0
[   37.686173] Registered efivars operations
[   37.686479] Advanced Linux Sound Architecture Driver Initialized.
[   37.687138] NetLabel: Initializing
[   37.687151] NetLabel:  domain hash size = 128
[   37.687161] NetLabel:  protocols = UNLABELED CIPSOv4 CALIPSO
[   37.687202] NetLabel:  unlabeled traffic allowed by default
[   37.687509] vgaarb: loaded
[   37.691092] clocksource: Switched to clocksource arch_sys_counter
[   37.691302] VFS: Disk quotas dquot_6.6.0
[   37.691340] VFS: Dquot-cache hash table entries: 512 (order 0, 4096 bytes)
[   37.702125] NET: Registered PF_INET protocol family
[   37.702447] IP idents hash table entries: 131072 (order: 8, 1048576 bytes, linear)
[   37.707637] tcp_listen_portaddr_hash hash table entries: 4096 (order: 4, 65536 bytes, linear)
[   37.707720] Table-perturb hash table entries: 65536 (order: 6, 262144 bytes, linear)
[   37.707775] TCP established hash table entries: 65536 (order: 7, 524288 bytes, linear)
[   37.708285] TCP bind hash table entries: 65536 (order: 9, 2097152 bytes, linear)
[   37.710138] TCP: Hash tables configured (established 65536 bind 65536)
[   37.710278] MPTCP token hash table entries: 8192 (order: 5, 196608 bytes, linear)
[   37.710365] UDP hash table entries: 4096 (order: 5, 131072 bytes, linear)
[   37.710555] UDP-Lite hash table entries: 4096 (order: 5, 131072 bytes, linear)
[   37.710874] NET: Registered PF_UNIX/PF_LOCAL protocol family
[   37.711333] RPC: Registered named UNIX socket transport module.
[   37.711349] RPC: Registered udp transport module.
[   37.711359] RPC: Registered tcp transport module.
[   37.711369] RPC: Registered tcp NFSv4.1 backchannel transport module.
[   37.711932] PCI: CLS 0 bytes, default 64
[   37.712478] Trying to unpack rootfs image as initramfs...
[   37.713188] rockchip-thermal fec00000.tsadc: Missing rockchip,grf property
[   37.714476] rockchip-thermal fec00000.tsadc: tsadc is probed successfully!
[   37.733315] hw perfevents: enabled with armv8_pmuv3 PMU driver, 7 counters available
[   37.734131] kvm [1]: IPA Size Limit: 40 bits
[   37.734163] kvm [1]: GICv3: no GICV resource entry
[   37.734175] kvm [1]: disabling GICv2 emulation
[   37.734185] kvm [1]: GIC system register CPU interface enabled
[   37.740453] kvm [1]: vgic interrupt IRQ9
[   37.747788] kvm [1]: VHE mode initialized successfully
[   37.932046] Initialise system trusted keyrings
[   37.932326] workingset: timestamp_bits=46 max_order=21 bucket_order=0
[   37.937007] NFS: Registering the id_resolver key type
[   37.937072] Key type id_resolver registered
[   37.937083] Key type id_legacy registered
[   37.937142] nfs4filelayout_init: NFSv4 File Layout Driver Registering...
[   37.937156] nfs4flexfilelayout_init: NFSv4 Flexfile Layout Driver Registering...
[   37.967709] NET: Registered PF_ALG protocol family
[   37.967740] xor: measuring software checksum speed
[   37.969297]    8regs           :  6394 MB/sec
[   37.970951]    32regs          :  5998 MB/sec
[   37.972501]    arm64_neon      :  6405 MB/sec
[   37.972513] xor: using function: arm64_neon (6405 MB/sec)
[   37.972529] Key type asymmetric registered
[   37.972540] Asymmetric key parser 'x509' registered
[   38.060680] Freeing initrd memory: 11864K
[   38.083311] alg: self-tests for CTR-KDF (hmac(sha256)) passed
[   38.083364] Block layer SCSI generic (bsg) driver version 0.4 loaded (major 242)
[   38.083553] io scheduler mq-deadline registered
[   38.083567] io scheduler kyber registered
[   38.085518] rockchip-csi2-dphy-hw fedc0000.csi2-dphy0-hw: csi2 dphy hw probe successfully!
[   38.085660] rockchip-csi2-dphy-hw fedc8000.csi2-dphy1-hw: csi2 dphy hw probe successfully!
[   38.087817] phy phy-fd5d0000.syscon:usb2-phy@0.0: Looking up phy-supply from device tree
[   38.087842] phy phy-fd5d0000.syscon:usb2-phy@0.0: Looking up phy-supply property in node /syscon@fd5d0000/usb2-phy@0/otg-port failed
[   38.087922] phy phy-fd5d0000.syscon:usb2-phy@0.0: Looking up vbus-supply from device tree
[   38.087939] phy phy-fd5d0000.syscon:usb2-phy@0.0: Looking up vbus-supply property in node /syscon@fd5d0000/usb2-phy@0/otg-port failed
[   38.089598] phy phy-fd5d8000.syscon:usb2-phy@8000.1: Looking up phy-supply from device tree
[   38.089891] phy phy-fd5dc000.syscon:usb2-phy@c000.1: Looking up phy-supply from device tree
[   38.090504] phy phy-fd5d4000.syscon:usb2-phy@4000.1: Looking up phy-supply from device tree
[   38.091933] phy phy-fee00000.phy.1: Looking up phy-supply from device tree
[   38.091954] phy phy-fee00000.phy.1: Looking up phy-supply property in node /phy@fee00000 failed
[   38.092152] phy phy-fee20000.phy.2: Looking up phy-supply from device tree
[   38.092169] phy phy-fee20000.phy.2: Looking up phy-supply property in node /phy@fee20000 failed
[   38.092528] phy phy-fee10000.phy.3: Looking up phy-supply from device tree
[   38.092547] phy phy-fee10000.phy.3: Looking up phy-supply property in node /phy@fee10000 failed
[   38.093291] phy phy-feda0000.phy.4: Looking up phy-supply from device tree
[   38.093310] phy phy-feda0000.phy.4: Looking up phy-supply property in node /phy@feda0000 failed
[   38.093488] phy phy-fedb0000.phy.5: Looking up phy-supply from device tree
[   38.093504] phy phy-fedb0000.phy.5: Looking up phy-supply property in node /phy@fedb0000 failed
[   38.094036] phy phy-fed60000.hdmiphy.6: Looking up phy-supply from device tree
[   38.094055] phy phy-fed60000.hdmiphy.6: Looking up phy-supply property in node /hdmiphy@fed60000 failed
[   38.095094] rockchip-hdptx-phy-hdmi fed60000.hdmiphy: hdptx phy init success
[   38.095391] phy phy-fed70000.hdmiphy.7: Looking up phy-supply from device tree
[   38.095411] phy phy-fed70000.hdmiphy.7: Looking up phy-supply property in node /hdmiphy@fed70000 failed
[   38.096328] rockchip-hdptx-phy-hdmi fed70000.hdmiphy: hdptx phy init success
[   38.096789] phy phy-fee80000.phy.8: Looking up phy-supply from device tree
[   38.096808] phy phy-fee80000.phy.8: Looking up phy-supply property in node /phy@fee80000 failed
[   38.098878] dw-pcie fe150000.pcie: invalid resource
[   38.098896] dw-pcie fe150000.pcie: Failed to initialize host
[   38.098927] dw-pcie: probe of fe150000.pcie failed with error -22
[   38.098957] rockchip-pm-domain fd8d8000.power-management:power-controller: Looking up pcie-supply from device tree
[   38.098992] rockchip-pm-domain fd8d8000.power-management:power-controller: Looking up pcie-supply property in node /power-management@fd8d8000/power-controller failed
[   38.099136] dw-pcie fe170000.pcie: invalid resource
[   38.099150] dw-pcie fe170000.pcie: Failed to initialize host
[   38.099161] dw-pcie: probe of fe170000.pcie failed with error -22
[   38.100013] rk-pcie fe150000.pcie: invalid prsnt-gpios property in node
[   38.100061] rk-pcie fe150000.pcie: Looking up vpcie3v3-supply from device tree
[   38.100482] rk-pcie fe170000.pcie: invalid prsnt-gpios property in node
[   38.100529] rk-pcie fe170000.pcie: Looking up vpcie3v3-supply from device tree
[   38.100571] rk-pcie fe170000.pcie: Looking up vpcie3v3-supply property in node /pcie@fe170000 failed
[   38.100610] iep: Module initialized.
[   38.100626] rk-pcie fe170000.pcie: no vpcie3v3 regulator found
[   38.100677] mpp_service mpp-srv: ea6192a78167 author: Yandong Lin 2024-06-14 video: rockchip: mpp: rk3576: fix enc err when rec_fbc_dis=1
[   38.100697] mpp_service mpp-srv: probe start
[   38.101412] rk-pcie fe170000.pcie: host bridge /pcie@fe170000 ranges:
[   38.101483] rk-pcie fe170000.pcie:       IO 0x00f2100000..0x00f21fffff -> 0x00f2100000
[   38.101537] rk-pcie fe170000.pcie:      MEM 0x00f2200000..0x00f2ffffff -> 0x00f2200000
[   38.101582] rk-pcie fe170000.pcie:      MEM 0x0980000000..0x09bfffffff -> 0x0980000000
[   38.101681] rk-pcie fe170000.pcie: iATU unroll: enabled
[   38.101712] rk-pcie fe170000.pcie: iATU regions: 8 ob, 8 ib, align 64K, limit 8G
[   38.103987] mpp_vepu2 jpege-ccu: probing start
[   38.104006] mpp_vepu2 jpege-ccu: probing finish
[   38.105130] rockchip-pm-domain fd8d8000.power-management:power-controller: Looking up vdpu-supply from device tree
[   38.105166] rockchip-pm-domain fd8d8000.power-management:power-controller: Looking up vdpu-supply property in node /power-management@fd8d8000/power-controller failed
[   38.105242] rockchip-pm-domain fd8d8000.power-management:power-controller: Looking up rkvdec0-supply from device tree
[   38.105270] rockchip-pm-domain fd8d8000.power-management:power-controller: Looking up rkvdec0-supply property in node /power-management@fd8d8000/power-controller failed
[   38.105346] mpp_rkvdec2 fdc30000.rkvdec-ccu: rkvdec-ccu, probing start
[   38.105449] mpp_rkvdec2 fdc30000.rkvdec-ccu: ccu-mode: 1
[   38.105462] mpp_rkvdec2 fdc30000.rkvdec-ccu: probing finish
[   38.105510] rockchip-pm-domain fd8d8000.power-management:power-controller: Looking up vcodec-supply from device tree
[   38.105539] rockchip-pm-domain fd8d8000.power-management:power-controller: Looking up vcodec-supply property in node /power-management@fd8d8000/power-controller failed
[   38.106129] mpp_rkvenc2 rkvenc-ccu: probing start
[   38.106146] mpp_rkvenc2 rkvenc-ccu: probing finish
[   38.106744] rk-pcie fe150000.pcie: host bridge /pcie@fe150000 ranges:
[   38.106834] rk-pcie fe150000.pcie:       IO 0x00f0100000..0x00f01fffff -> 0x00f0100000
[   38.106894] rk-pcie fe150000.pcie:      MEM 0x00f0200000..0x00f0ffffff -> 0x00f0200000
[   38.106904] mpp_service mpp-srv: probe success
[   38.106962] rk-pcie fe150000.pcie:      MEM 0x0900000000..0x093fffffff -> 0x0900000000
[   38.107064] rk-pcie fe150000.pcie: iATU unroll: enabled
[   38.107095] rk-pcie fe150000.pcie: iATU regions: 8 ob, 8 ib, align 64K, limit 8G
[   38.117031] rockchip-pm-domain fd8d8000.power-management:power-controller: Looking up audio-supply from device tree
[   38.117071] rockchip-pm-domain fd8d8000.power-management:power-controller: Looking up audio-supply property in node /power-management@fd8d8000/power-controller failed
[   38.122119] dma-pl330 fea10000.dma-controller: Loaded driver for PL330 DMAC-241330
[   38.122141] dma-pl330 fea10000.dma-controller: 	DBUFF-128x8bytes Num_Chans-8 Num_Peri-32 Num_Events-16
[   38.123270] dma-pl330 fea30000.dma-controller: Loaded driver for PL330 DMAC-241330
[   38.123289] dma-pl330 fea30000.dma-controller: 	DBUFF-128x8bytes Num_Chans-8 Num_Peri-32 Num_Events-16
[   38.124389] dma-pl330 fed10000.dma-controller: Loaded driver for PL330 DMAC-241330
[   38.124407] dma-pl330 fed10000.dma-controller: 	DBUFF-128x8bytes Num_Chans-8 Num_Peri-32 Num_Events-16
[   38.124992] rockchip-pvtm fda40000.pvtm: pvtm@0 probed
[   38.125073] rockchip-pvtm fda50000.pvtm: pvtm@1 probed
[   38.125144] rockchip-pvtm fda60000.pvtm: pvtm@2 probed
[   38.125213] rockchip-pvtm fdaf0000.pvtm: pvtm@3 probed
[   38.125278] rockchip-pvtm fdb30000.pvtm: pvtm@4 probed
[   38.126083] rockchip-system-monitor rockchip-system-monitor: system monitor probe
[   38.127154] Serial: 8250/16550 driver, 10 ports, IRQ sharing disabled
[   38.127682] fd890000.serial: ttyS0 at MMIO 0xfd890000 (irq = 40, base_baud = 1500000) is a 16550A
[   38.308919] rk-pcie fe170000.pcie: PCIe Linking... LTSSM is 0x3
[   38.312252] rk-pcie fe150000.pcie: PCIe Linking... LTSSM is 0x0
[   38.337788] rk-pcie fe150000.pcie: PCIe Linking... LTSSM is 0x0
[   38.357952] printk: console [ttyS0] enabled
[   38.358550] feb40000.serial: ttyS1 at MMIO 0xfeb40000 (irq = 41, base_baud = 1500000) is a 16550A
[   38.364457] rk-pcie fe150000.pcie: PCIe Linking... LTSSM is 0x0
[   38.391121] rk-pcie fe150000.pcie: PCIe Linking... LTSSM is 0x0
[   38.417780] rk-pcie fe150000.pcie: PCIe Linking... LTSSM is 0x0
[   38.434445] rk-pcie fe170000.pcie: PCIe Linking... LTSSM is 0x3
[   38.452349] feb90000.serial: ttyS6 at MMIO 0xfeb90000 (irq = 42, base_baud = 1500000) is a 16550A
[   38.461096] rk-pcie fe170000.pcie: PCIe Linking... LTSSM is 0x3
[   38.487759] rk-pcie fe170000.pcie: PCIe Linking... LTSSM is 0x3
[   38.514425] rk-pcie fe170000.pcie: PCIe Linking... LTSSM is 0x3
[   41.091095] rk-pcie fe170000.pcie: PCIe Link Fail, LTSSM is 0x3, hw_retries=0
[   41.132515] random: crng init done
[   41.132598] led_vk2c21_init
[   41.132598] =============================================
[   41.133965] rockchip-pm-domain fd8d8000.power-management:power-controller: Looking up rga30-supply from device tree
[   41.133989] rockchip-pm-domain fd8d8000.power-management:power-controller: Looking up rga30-supply property in node /power-management@fd8d8000/power-controller failed
[   41.134697] rockchip-pm-domain fd8d8000.power-management:power-controller: Looking up rga31-supply from device tree
[   41.134716] rockchip-pm-domain fd8d8000.power-management:power-controller: Looking up rga31-supply property in node /power-management@fd8d8000/power-controller failed
[   41.137319] rockchip-pm-domain fd8d8000.power-management:power-controller: Looking up venc0-supply from device tree
[   41.137338] rockchip-pm-domain fd8d8000.power-management:power-controller: Looking up venc0-supply property in node /power-management@fd8d8000/power-controller failed
[   41.137845] rockchip-pm-domain fd8d8000.power-management:power-controller: Looking up venc1-supply from device tree
[   41.137863] rockchip-pm-domain fd8d8000.power-management:power-controller: Looking up venc1-supply property in node /power-management@fd8d8000/power-controller failed
[   41.138900] rockchip-pm-domain fd8d8000.power-management:power-controller: Looking up rkvdec1-supply from device tree
[   41.138919] rockchip-pm-domain fd8d8000.power-management:power-controller: Looking up rkvdec1-supply property in node /power-management@fd8d8000/power-controller failed
[   41.139424] rockchip-pm-domain fd8d8000.power-management:power-controller: Looking up av1-supply from device tree
[   41.139442] rockchip-pm-domain fd8d8000.power-management:power-controller: Looking up av1-supply property in node /power-management@fd8d8000/power-controller failed
[   41.139511] rk_iommu fdca0000.iommu: av1d iommu enabled
[   41.141496] rockchip-vop2 fdd90000.vop: Adding to iommu group 15
[   41.152176] no ATF memory for init
[   41.171092] rk-pcie fe150000.pcie: PCIe Link Fail, LTSSM is 0x0, hw_retries=0
[   41.171101] rk-pcie fe150000.pcie: failed to initialize host
[   43.334425] rk_pcie_establish_link: 225 callbacks suppressed
[   43.334431] rk-pcie fe170000.pcie: PCIe Linking... LTSSM is 0x3
[   72.380312] brd: module loaded
[   72.404428] rk-pcie fe170000.pcie: PCIe Linking... LTSSM is 0x3
[   72.420359] loop: module loaded
[   72.511089] rk-pcie fe170000.pcie: PCIe Linking... LTSSM is 0x3
[   72.525495] rbd: loaded (major 254)
[   72.621088] rk-pcie fe170000.pcie: PCIe Linking... LTSSM is 0x3
[   72.637930] lkdtm: No crash points registered, enable through debugfs
[   72.734420] rk-pcie fe170000.pcie: PCIe Linking... LTSSM is 0x3
[   72.787004] ahci fe210000.sata: Looking up ahci-supply from device tree
[   72.881088] rk-pcie fe170000.pcie: PCIe Linking... LTSSM is 0x3
[   72.935670] ahci fe210000.sata: Looking up ahci-supply property in node /sata@fe210000 failed
[   73.031087] rk-pcie fe170000.pcie: PCIe Linking... LTSSM is 0x3
[   73.108532] ahci fe210000.sata: supply ahci not found, using dummy regulator
[   73.204422] rk-pcie fe170000.pcie: PCIe Linking... LTSSM is 0x3
[   73.263848] ahci fe210000.sata: Looking up phy-supply from device tree
[   73.361087] rk-pcie fe170000.pcie: PCIe Linking... LTSSM is 0x3
[   73.412668] ahci fe210000.sata: Looking up phy-supply property in node /sata@fe210000 failed
[   73.507753] rk-pcie fe170000.pcie: PCIe Linking... LTSSM is 0x3
[   73.584485] ahci fe210000.sata: supply phy not found, using dummy regulator
[   73.584643] ahci fe210000.sata: Looking up target-supply from device tree
[   73.681086] rk-pcie fe170000.pcie: PCIe Linking... LTSSM is 0x3
[   73.738634] ahci fe210000.sata: Looking up target-supply property in node /sata@fe210000 failed
[   73.994894] ahci fe210000.sata: supply target not found, using dummy regulator
[   74.081454] ahci fe210000.sata: AHCI 0001.0300 32 slots 1 ports 6 Gbps 0x1 impl platform mode
[   74.183508] ahci fe210000.sata: flags: ncq sntf pm led clo only pmp fbs pio slum part ccc apst 
[   74.288476] scsi host0: ahci
[   74.323094] ata1: SATA max UDMA/133 mmio [mem 0xfe210000-0xfe210fff] port 0x100 irq 63
[   74.419432] rockchip-spi feb20000.spi: no high_speed pinctrl state
[   74.493871] spi spi2.0: Fixed dependency cycle(s) with /spi@feb20000/rk806single@0/regulators/DCDC_REG7
[   74.606374] spi spi2.0: Fixed dependency cycle(s) with /spi@feb20000/rk806single@0/pinctrl_rk806/rk806_dvs1_pwrdn
[   74.729226] spi spi2.0: Fixed dependency cycle(s) with /spi@feb20000/rk806single@0/pinctrl_rk806/rk806_dvs3_null
[   74.851033] spi spi2.0: Fixed dependency cycle(s) with /spi@feb20000/rk806single@0/pinctrl_rk806/rk806_dvs2_null
[   74.972848] spi spi2.0: Fixed dependency cycle(s) with /spi@feb20000/rk806single@0/pinctrl_rk806/rk806_dvs1_null
[   75.095298] rk806 spi2.0: chip id: RK806,ver:0x2, 0x1
[   75.155929] rk806 spi2.0: ON: 0x40 OFF:0x0
[   75.206628] rk806-regulator rk806-regulator.2.auto: Looking up vcc1-supply from device tree
[   75.284418] rk-pcie fe170000.pcie: PCIe Link Fail, LTSSM is 0x3, hw_retries=1
[   75.306611] vdd_gpu_s0: supplied by vcc5v0_sys
[   75.445179] vcc5v0_sys: could not add device link regulator.7: -ENOENT
[   75.524549] vdd_gpu_s0: 550 <--> 950 mV at 750 mV, enabled
[   75.590459] rk806-regulator rk806-regulator.2.auto: Looking up vcc2-supply from device tree
[   75.677787] ata1: SATA link up 6.0 Gbps (SStatus 133 SControl 300)
[   75.690434] vdd_cpu_lit_s0: supplied by vcc5v0_sys
[   75.690802] ata1.15: Port Multiplier 1.2, 0x197b:0x575f r0, 15 ports, feat 0x5/0xf
[   75.764416] vcc5v0_sys: could not add device link regulator.8: -ENOENT
[   75.765004] vdd_cpu_lit_s0: 550 <--> 950 mV at 675 mV, enabled
[   75.823377] ahci fe210000.sata: FBS is enabled
[   75.912615] rk806-regulator rk806-regulator.2.auto: Looking up vcc3-supply from device tree
[   75.990958] ata1.00: hard resetting link
[   76.060277] vdd_log_s0: supplied by vcc5v0_sys
[   76.060283] vcc5v0_sys: could not add device link regulator.9: -ENOENT
[   76.374758] ahci fe210000.sata: FBS is disabled
[   76.392154] vdd_log_s0: 675 <--> 750 mV at 750 mV, enabled
[   76.445791] rk-pcie fe170000.pcie: failed to initialize host
[   76.511674] rk806-regulator rk806-regulator.2.auto: Looking up vcc4-supply from device tree
[   76.604424] ahci fe210000.sata: FBS is enabled
[   76.679102] vdd_vdenc_s0: supplied by vcc5v0_sys
[   76.732454] ata1.00: SATA link up 6.0 Gbps (SStatus 133 SControl 330)
[   76.787482] vcc5v0_sys: could not add device link regulator.10: -ENOENT
[   76.787523] ata1.01: hard resetting link
[   76.865130] vdd_vdenc_s0: 550 <--> 950 mV at 750 mV, enabled
[   77.058697] rk806-regulator rk806-regulator.2.auto: Looking up vcc5-supply from device tree
[   77.158676] vdd_ddr_s0: supplied by vcc5v0_sys
[   77.211874] vcc5v0_sys: could not add device link regulator.11: -ENOENT
[   77.258215] ata1.01: SATA link down (SStatus 0 SControl 330)
[   77.291793] vdd_ddr_s0: 675 <--> 900 mV at 850 mV, enabled
[   77.358838] ata1.02: hard resetting link
[   77.424887] rk806-regulator rk806-regulator.2.auto: Looking up vcc6-supply from device tree
[   77.571307] vdd2_ddr_s3: supplied by vcc5v0_sys
[   77.625508] vcc5v0_sys: could not add device link regulator.12: -ENOENT
[   77.705021] vdd2_ddr_s3: at 500 mV, enabled
[   77.755333] rk806-regulator rk806-regulator.2.auto: Looking up vcc7-supply from device tree
[   77.784918] ata1.02: SATA link down (SStatus 0 SControl 330)
[   77.855301] vdd_2v0_pldo_s3: supplied by vcc5v0_sys
[   77.923063] ata1.03: hard resetting link
[   77.981401] vcc5v0_sys: could not add device link regulator.13: -ENOENT
[   78.107647] vdd_2v0_pldo_s3: Bringing 2025000uV into 2000000-2000000uV
[   78.186261] vdd_2v0_pldo_s3: 2000 mV, enabled
[   78.238648] rk806-regulator rk806-regulator.2.auto: Looking up vcc8-supply from device tree
[   78.338640] vcc_3v3_s3: supplied by vcc5v0_sys
[   78.341604] ata1.03: SATA link down (SStatus 0 SControl 330)
[   78.391799] vcc5v0_sys: could not add device link regulator.14: -ENOENT
[   78.391863] ata1.04: hard resetting link
[   78.459616] vcc_3v3_s3: Bringing 3325000uV into 3300000-3300000uV
[   78.658998] vcc_3v3_s3: 3300 mV, enabled
[   78.706177] rk806-regulator rk806-regulator.2.auto: Looking up vcc9-supply from device tree
[   78.806152] vddq_ddr_s0: supplied by vcc5v0_sys
[   78.851587] ata1.04: SATA link down (SStatus 0 SControl 330)
[   78.860352] vcc5v0_sys: could not add device link regulator.15: -ENOENT
[   78.928108] ata1.05: hard resetting link
[   79.007680] vddq_ddr_s0: at 500 mV, enabled
[   79.104509] rk806-regulator rk806-regulator.2.auto: Looking up vcc10-supply from device tree
[   79.205532] vcc_1v8_s3: supplied by vcc5v0_sys
[   79.258694] vcc5v0_sys: could not add device link regulator.16: -ENOENT
[   79.337995] vcc_1v8_s3: Bringing 1825000uV into 1800000-1800000uV
[   79.411450] vcc_1v8_s3: 1800 mV, enabled
[   79.445058] ata1.05: SATA link down (SStatus 0 SControl 330)
[   79.458636] rk806-regulator rk806-regulator.2.auto: Looking up vcc13-supply from device tree
[   79.526141] ata1.06: hard resetting link
[   79.627083] vdd_0v75_s3: supplied by vcc_1v1_nldo_s3
[   79.733416] vcc_1v1_nldo_s3: could not add device link regulator.17: -ENOENT
[   79.818208] vdd_0v75_s3: 750 mV, enabled
[   79.865386] rk806-regulator rk806-regulator.2.auto: Looking up vcc13-supply from device tree
[   79.941584] ata1.06: SATA link down (SStatus 0 SControl 330)
[   79.966393] vdd_ddr_pll_s0: supplied by vcc_1v1_nldo_s3
[   80.034162] ata1.07: hard resetting link
[   80.096613] vcc_1v1_nldo_s3: could not add device link regulator.18: -ENOENT
[   80.228390] vdd_ddr_pll_s0: 850 mV, enabled
[   80.278691] rk806-regulator rk806-regulator.2.auto: Looking up vcc13-supply from device tree
[   80.379724] avdd_0v75_s0: supplied by vcc_1v1_nldo_s3
[   80.411596] ata1.07: SATA link down (SStatus 0 SControl 330)
[   80.440163] vcc_1v1_nldo_s3: could not add device link regulator.19: -ENOENT
[   80.440229] ata1.08: hard resetting link
[   80.508296] avdd_0v75_s0: 750 mV, enabled
[   80.687358] rk806-regulator rk806-regulator.2.auto: Looking up vcc14-supply from device tree
[   80.788381] vdd_0v85_s0: supplied by vcc_1v1_nldo_s3
[   80.847783] vcc_1v1_nldo_s3: could not add device link regulator.20: -ENOENT
[   80.904918] ata1.08: SATA link down (SStatus 0 SControl 330)
[   80.932544] vdd_0v85_s0: 850 mV, enabled
[   80.999910] ata1.09: hard resetting link
[   81.047070] rk806-regulator rk806-regulator.2.auto: Looking up vcc14-supply from device tree
[   81.194707] vdd_0v75_s0: supplied by vcc_1v1_nldo_s3
[   81.254106] vcc_1v1_nldo_s3: could not add device link regulator.21: -ENOENT
[   81.338887] vdd_0v75_s0: 750 mV, enabled
[   81.386058] rk806-regulator rk806-regulator.2.auto: Looking up vcc11-supply from device tree
[   81.408261] ata1.09: SATA link down (SStatus 0 SControl 330)
[   81.487070] avcc_1v8_s0: supplied by vdd_2v0_pldo_s3
[   81.554837] ata1.10: hard resetting link
[   81.614167] vdd_2v0_pldo_s3: could not add device link regulator.22: -ENOENT
[   81.745955] avcc_1v8_s0: 1800 mV, enabled
[   81.794249] rk806-regulator rk806-regulator.2.auto: Looking up vcc11-supply from device tree
[   81.895279] vcc_1v8_s0: supplied by vdd_2v0_pldo_s3
[   81.953645] vdd_2v0_pldo_s3: could not add device link regulator.23: -ENOENT
[   82.002449] ata1.10: SATA link down (SStatus 0 SControl 330)
[   82.038522] vcc_1v8_s0: 1800 mV, enabled
[   82.105774] ata1.11: hard resetting link
[   82.152883] rk806-regulator rk806-regulator.2.auto: Looking up vcc11-supply from device tree
[   82.300582] avdd_1v2_s0: supplied by vdd_2v0_pldo_s3
[   82.359988] vdd_2v0_pldo_s3: could not add device link regulator.24: -ENOENT
[   82.444856] avdd_1v2_s0: 1200 mV, enabled
[   82.493071] rk806-regulator rk806-regulator.2.auto: Looking up vcc12-supply from device tree
[   82.511602] ata1.11: SATA link down (SStatus 0 SControl 330)
[   82.594086] vcc_3v3_s0: supplied by vcc5v0_sys
[   82.661836] ata1.12: hard resetting link
[   82.714936] vcc5v0_sys: could not add device link regulator.25: -ENOENT
[   82.841441] vcc_3v3_s0: 3300 mV, enabled
[   82.888618] rk806-regulator rk806-regulator.2.auto: Looking up vcc12-supply from device tree
[   82.989638] vccio_sd_s0: supplied by vcc5v0_sys
[   83.043855] vcc5v0_sys: could not add device link regulator.26: -ENOENT
[   83.074922] ata1.12: SATA link down (SStatus 0 SControl 330)
[   83.123423] vccio_sd_s0: 1800 <--> 3300 mV at 3300 mV, enabled
[   83.190784] ata1.13: hard resetting link
[   83.260816] rk806-regulator rk806-regulator.2.auto: Looking up vcca-supply from device tree
[   83.407440] pldo6_s3: supplied by vcc5v0_sys
[   83.458522] vcc5v0_sys: could not add device link regulator.27: -ENOENT
[   83.537896] pldo6_s3: 1800 mV, enabled
[   83.583024] rk806 spi2.0: no sleep-setting state
[   83.621600] ata1.13: SATA link down (SStatus 0 SControl 330)
[   83.638268] rk806 spi2.0: no reset-setting pinctrl state
[   83.706027] ata1.14: hard resetting link
[   83.769533] rk806 spi2.0: no dvs-setting pinctrl state
[   83.880013] rockchip-spi feb20000.spi: register misc device rkspi-dev2
[   83.958147] rockchip-spi feb20000.spi: probed, poll=0, rsd=0, cs-inactive=0, ready=0
[   84.053104] rk_gmac-dwmac fe1c0000.ethernet: IRQ eth_lpi not found
[   84.127283] rk_gmac-dwmac fe1c0000.ethernet: Looking up phy-supply from device tree
[   84.131594] ata1.14: SATA link down (SStatus 0 SControl 330)
[   84.218942] rk_gmac-dwmac fe1c0000.ethernet: Looking up phy-supply property in node /ethernet@fe1c0000 failed
[   84.296529] ata1.00: ATA-10: Dogfish SSD 256GB, VE0R631D, max UDMA/133
[   84.405338] rk_gmac-dwmac fe1c0000.ethernet: supply phy not found, using dummy regulator
[   84.483424] ata1.00: 500118192 sectors, multi 1: LBA48 NCQ (depth 32)
[   84.483504] rk_gmac-dwmac fe1c0000.ethernet: clock input or output? (output).
[   84.607465] ata1.00: Features: Dev-Sleep
[   84.657348] rk_gmac-dwmac fe1c0000.ethernet: TX delay(0x42).
[   84.784520] ata1.00: configured for UDMA/133
[   84.789650] rk_gmac-dwmac fe1c0000.ethernet: Can not read property: rx_delay.
[   84.789721] ata1: EH complete
[   84.857368] rk_gmac-dwmac fe1c0000.ethernet: set rx_delay to 0xffffffff
[   84.908871] scsi 0:0:0:0: Direct-Access     ATA      Dogfish SSD 256G 631D PQ: 0 ANSI: 5
[   84.993845] rk_gmac-dwmac fe1c0000.ethernet: integrated PHY? (no).
[   84.995195] sd 0:0:0:0: Attached scsi generic sg0 type 0
[   84.995291] sd 0:0:0:0: [sda] 500118192 512-byte logical blocks: (256 GB/238 GiB)
[   84.995355] sd 0:0:0:0: [sda] Write Protect is off
[   84.995370] sd 0:0:0:0: [sda] Mode Sense: 00 3a 00 00
[   84.995490] sd 0:0:0:0: [sda] Write cache: enabled, read cache: enabled, doesn't support DPO or FUA
[   84.995661] sd 0:0:0:0: [sda] Preferred minimum I/O size 512 bytes
[   85.001890]  sda: sda1 sda2
[   85.002563] sd 0:0:0:0: [sda] Attached SCSI disk
[   85.029400] rk_gmac-dwmac fe1c0000.ethernet: cannot get clock mac_clk_rx
[   85.901279] rk_gmac-dwmac fe1c0000.ethernet: cannot get clock mac_clk_tx
[   85.981597] rk_gmac-dwmac fe1c0000.ethernet: cannot get clock clk_mac_speed
[   86.065147] rk_gmac-dwmac fe1c0000.ethernet: init for RGMII_RXID
[   86.137216] rk_gmac-dwmac fe1c0000.ethernet: User ID: 0x30, Synopsys ID: 0x51
[   86.222627] rk_gmac-dwmac fe1c0000.ethernet: 	DWMAC4/5
[   86.284111] rk_gmac-dwmac fe1c0000.ethernet: DMA HW capability register supported
[   86.373678] rk_gmac-dwmac fe1c0000.ethernet: RX Checksum Offload Engine supported
[   86.463241] rk_gmac-dwmac fe1c0000.ethernet: TX Checksum insertion supported
[   86.547601] rk_gmac-dwmac fe1c0000.ethernet: Wake-Up On Lan supported
[   86.624732] rk_gmac-dwmac fe1c0000.ethernet: TSO supported
[   86.690389] rk_gmac-dwmac fe1c0000.ethernet: Enable RX Mitigation via HW Watchdog Timer
[   86.786190] rk_gmac-dwmac fe1c0000.ethernet: rk_get_eth_addr: rk_vendor_read eth mac address failed (-1)
[   86.899674] rk_gmac-dwmac fe1c0000.ethernet: rk_get_eth_addr: generate random eth mac address: fe:7d:53:55:9f:6c
[   87.021478] rk_gmac-dwmac fe1c0000.ethernet: rk_get_eth_addr: rk_vendor_write eth mac address failed (-1)
[   87.136000] rk_gmac-dwmac fe1c0000.ethernet: rk_get_eth_addr: id: 1 rk_vendor_read eth mac address failed (-1)
[   87.255725] rk_gmac-dwmac fe1c0000.ethernet: rk_get_eth_addr: mac address: fe:7d:53:55:9f:6c
[   87.356730] rk_gmac-dwmac fe1c0000.ethernet: device MAC address fe:7d:53:55:9f:6c
[   87.446327] rk_gmac-dwmac fe1c0000.ethernet: Enabled L3L4 Flow TC (entries=2)
[   87.531830] rk_gmac-dwmac fe1c0000.ethernet: Enabled RFS Flow TC (entries=10)
[   87.617256] rk_gmac-dwmac fe1c0000.ethernet: TSO feature enabled
[   87.689143] rk_gmac-dwmac fe1c0000.ethernet: Using 32/32 bits DMA host/device width
[   87.928059] rk_gmac-dwmac fe1b0000.ethernet: IRQ eth_lpi not found
[   88.002441] rk_gmac-dwmac fe1b0000.ethernet: Looking up phy-supply from device tree
[   88.094097] rk_gmac-dwmac fe1b0000.ethernet: Looking up phy-supply property in node /ethernet@fe1b0000 failed
[   88.212808] rk_gmac-dwmac fe1b0000.ethernet: supply phy not found, using dummy regulator
[   88.309730] rk_gmac-dwmac fe1b0000.ethernet: clock input or output? (output).
[   88.395137] rk_gmac-dwmac fe1b0000.ethernet: TX delay(0x45).
[   88.462856] rk_gmac-dwmac fe1b0000.ethernet: Can not read property: rx_delay.
[   88.548256] rk_gmac-dwmac fe1b0000.ethernet: set rx_delay to 0xffffffff
[   88.627422] rk_gmac-dwmac fe1b0000.ethernet: integrated PHY? (no).
[   88.701384] rk_gmac-dwmac fe1b0000.ethernet: cannot get clock mac_clk_rx
[   88.781588] rk_gmac-dwmac fe1b0000.ethernet: cannot get clock mac_clk_tx
[   88.861801] rk_gmac-dwmac fe1b0000.ethernet: cannot get clock clk_mac_speed
[   88.945334] rk_gmac-dwmac fe1b0000.ethernet: init for RGMII_RXID
[   89.017404] rk_gmac-dwmac fe1b0000.ethernet: User ID: 0x30, Synopsys ID: 0x51
[   89.102814] rk_gmac-dwmac fe1b0000.ethernet: 	DWMAC4/5
[   89.164297] rk_gmac-dwmac fe1b0000.ethernet: DMA HW capability register supported
[   89.253856] rk_gmac-dwmac fe1b0000.ethernet: RX Checksum Offload Engine supported
[   89.343426] rk_gmac-dwmac fe1b0000.ethernet: TX Checksum insertion supported
[   89.427785] rk_gmac-dwmac fe1b0000.ethernet: Wake-Up On Lan supported
[   89.504916] rk_gmac-dwmac fe1b0000.ethernet: TSO supported
[   89.570557] rk_gmac-dwmac fe1b0000.ethernet: Enable RX Mitigation via HW Watchdog Timer
[   89.666360] rk_gmac-dwmac fe1b0000.ethernet: rk_get_eth_addr: rk_vendor_read eth mac address failed (-1)
[   89.779849] rk_gmac-dwmac fe1b0000.ethernet: rk_get_eth_addr: generate random eth mac address: 56:63:ab:80:c9:74
[   89.901652] rk_gmac-dwmac fe1b0000.ethernet: rk_get_eth_addr: rk_vendor_write eth mac address failed (-1)
[   90.016174] rk_gmac-dwmac fe1b0000.ethernet: rk_get_eth_addr: id: 0 rk_vendor_read eth mac address failed (-1)
[   90.135903] rk_gmac-dwmac fe1b0000.ethernet: rk_get_eth_addr: mac address: 56:63:ab:80:c9:74
[   90.236902] rk_gmac-dwmac fe1b0000.ethernet: device MAC address 56:63:ab:80:c9:74
[   90.326482] rk_gmac-dwmac fe1b0000.ethernet: Enabled L3L4 Flow TC (entries=2)
[   90.411886] rk_gmac-dwmac fe1b0000.ethernet: Enabled RFS Flow TC (entries=10)
[   90.497286] rk_gmac-dwmac fe1b0000.ethernet: TSO feature enabled
[   90.569161] rk_gmac-dwmac fe1b0000.ethernet: Using 32/32 bits DMA host/device width
[   90.826361] usbcore: registered new interface driver rndis_wlan
[   90.897257] usbcore: registered new interface driver asix
[   90.961875] usbcore: registered new interface driver cdc_ether
[   91.031696] usbcore: registered new interface driver rndis_host
[   91.102562] usbcore: registered new interface driver cdc_ncm
[   91.170455] VFIO - User Level meta-driver version: 0.3
[   91.236326] xhci-hcd xhci-hcd.3.auto: xHCI Host Controller
[   91.302119] xhci-hcd xhci-hcd.3.auto: new USB bus registered, assigned bus number 1
[   91.393872] xhci-hcd xhci-hcd.3.auto: hcc params 0x0220fe64 hci version 0x110 quirks 0x0000800002010010
[   91.506352] xhci-hcd xhci-hcd.3.auto: irq 73, io mem 0xfcd00000
[   91.577275] xhci-hcd xhci-hcd.3.auto: xHCI Host Controller
[   91.643034] xhci-hcd xhci-hcd.3.auto: new USB bus registered, assigned bus number 2
[   91.734693] xhci-hcd xhci-hcd.3.auto: Host supports USB 3.0 SuperSpeed
[   91.812905] usb usb1: New USB device found, idVendor=1d6b, idProduct=0002, bcdDevice= 6.01
[   91.911829] usb usb1: New USB device strings: Mfr=3, Product=2, SerialNumber=1
[   91.998277] usb usb1: Product: xHCI Host Controller
[   92.056636] usb usb1: Manufacturer: Linux 6.1.75-rkr3 xhci-hcd
[   92.126432] usb usb1: SerialNumber: xhci-hcd.3.auto
[   92.185123] hub 1-0:1.0: USB hub found
[   92.229990] hub 1-0:1.0: 1 port detected
[   92.277144] usb usb2: We don't know the algorithms for LPM for this host, disabling LPM.
[   92.374075] usb usb2: New USB device found, idVendor=1d6b, idProduct=0003, bcdDevice= 6.01
[   92.473002] usb usb2: New USB device strings: Mfr=3, Product=2, SerialNumber=1
[   92.559448] usb usb2: Product: xHCI Host Controller
[   92.617808] usb usb2: Manufacturer: Linux 6.1.75-rkr3 xhci-hcd
[   92.687603] usb usb2: SerialNumber: xhci-hcd.3.auto
[   92.746260] hub 2-0:1.0: USB hub found
[   92.791125] hub 2-0:1.0: 1 port detected
[   92.838281] usbcore: registered new interface driver cdc_acm
[   92.906012] cdc_acm: USB Abstract Control Model driver for USB modems and ISDN adapters
[   93.001985] usbcore: registered new interface driver uas
[   93.065589] usbcore: registered new interface driver usb-storage
[   93.137830] mousedev: PS/2 mouse device common for all mice
[   93.204965] i2c_dev: i2c /dev entries driver
[   93.257367] rk860-regulator 0-0042: Looking up vin-supply from device tree
[   93.339806] vdd_cpu_big0_s0: supplied by vcc5v0_sys
[   93.398182] vcc5v0_sys: could not add device link regulator.28: -ENOENT
[   93.481488] vdd_cpu_big0_s0: 550 <--> 1050 mV at 675 mV, enabled
[   93.555535] rk860-regulator 0-0043: Looking up vin-supply from device tree
[   93.637831] vdd_cpu_big1_s0: supplied by vcc5v0_sys
[   93.696197] vcc5v0_sys: could not add device link regulator.29: -ENOENT
[   93.779485] vdd_cpu_big1_s0: 550 <--> 1050 mV at 675 mV, enabled
[   93.854212] rk860-regulator 1-0042: Looking up vin-supply from device tree
[   93.936515] vdd_npu_s0: supplied by vcc5v0_sys
[   93.989679] vcc5v0_sys: could not add device link regulator.30: -ENOENT
[   94.072960] vdd_npu_s0: 550 <--> 950 mV at 800 mV, enabled
[   94.142552] rtc-hym8563 6-0051: rtc information is valid
[   94.209317] rtc-hym8563 6-0051: registered as rtc0
[   94.266930] rtc-hym8563 6-0051: setting system clock to 2021-01-01T12:00:00 UTC (1609502400)
[   94.368082] i2c 6-0022: Fixed dependency cycle(s) with /usbdrd3_0/usb@fc000000/port/endpoint@0
[   94.472464] rockchip-mipi-csi2-hw fdd10000.mipi0-csi2-hw: enter mipi csi2 hw probe!
[   94.564243] rockchip-mipi-csi2-hw fdd10000.mipi0-csi2-hw: probe success, v4l2_dev:mipi0-csi2-hw!
[   94.669461] rockchip-mipi-csi2-hw fdd20000.mipi1-csi2-hw: enter mipi csi2 hw probe!
[   94.761203] rockchip-mipi-csi2-hw fdd20000.mipi1-csi2-hw: probe success, v4l2_dev:mipi1-csi2-hw!
[   94.866412] rockchip-mipi-csi2-hw fdd30000.mipi2-csi2-hw: enter mipi csi2 hw probe!
[   94.958148] rockchip-mipi-csi2-hw fdd30000.mipi2-csi2-hw: probe success, v4l2_dev:mipi2-csi2-hw!
[   95.063348] rockchip-mipi-csi2-hw fdd40000.mipi3-csi2-hw: enter mipi csi2 hw probe!
[   95.155082] rockchip-mipi-csi2-hw fdd40000.mipi3-csi2-hw: probe success, v4l2_dev:mipi3-csi2-hw!
[   95.260284] rockchip-mipi-csi2-hw fdd50000.mipi4-csi2-hw: enter mipi csi2 hw probe!
[   95.352045] rockchip-mipi-csi2-hw fdd50000.mipi4-csi2-hw: probe success, v4l2_dev:mipi4-csi2-hw!
[   95.457258] rockchip-mipi-csi2-hw fdd60000.mipi5-csi2-hw: enter mipi csi2 hw probe!
[   95.548990] rockchip-mipi-csi2-hw fdd60000.mipi5-csi2-hw: probe success, v4l2_dev:mipi5-csi2-hw!
[   95.657320] rk_hdmirx fdee0000.hdmirx-controller: No reserved memory for HDMIRX, use default CMA
[   95.762522] rk_hdmirx fdee0000.hdmirx-controller: hdmirx_get_phy_cpuid_func: mpidr: 0x0000000500, phy_cpuid:0x5
[   95.883290] rk_hdmirx fdee0000.hdmirx-controller: hdmirx_probe: cpu_aff:0x500, Bound_cpu:5, wdt_cfg_bound_cpu:2, phy_cpuid:5
[   96.029299] rk_hdmirx fdee0000.hdmirx-controller: hdmirx_controller_init wait timer base lock failed!
[   96.140109] rk_hdmirx fdee0000.hdmirx-controller: rk_hdmirx_hdcp_register success
[   96.229702] rk_hdmirx fdee0000.hdmirx-controller: fdee0000.hdmirx-controller driver probe ok!
[   96.332129] usbcore: registered new interface driver uvcvideo
[   96.402298] cpu cpu0: Looking up cpu-supply from device tree
[   96.470463] cpu cpu0: Failed to get specification_serial_number
[   96.541323] cpu cpu0: Failed to get specification_serial_number
[   96.612182] cpu cpu0: Failed to get leakage
[   96.662234] cpu cpu0: Looking up cpu-supply from device tree
[   96.731518] cpu cpu0: pvtm=1479
[   96.769320] cpu cpu0: pvtm-volt-sel=3
[   96.813168] cpu cpu0: Looking up cpu-supply from device tree
[   96.881040] cpu cpu0: Looking up mem-supply from device tree
[   96.948990] cpu cpu4: Looking up cpu-supply from device tree
[   97.018314] cpu cpu4: Failed to get specification_serial_number
[   97.089173] cpu cpu4: Failed to get specification_serial_number
[   97.160023] cpu cpu4: Failed to get leakage
[   97.210075] cpu cpu4: Looking up cpu-supply from device tree
[   97.284500] cpu cpu4: pvtm=1706
[   97.326220] cpu cpu4: pvtm-volt-sel=4
[   97.370065] cpu cpu4: Looking up cpu-supply from device tree
[   97.438302] cpu cpu4: Looking up mem-supply from device tree
[   97.506604] cpu cpu6: Looking up cpu-supply from device tree
[   97.575911] cpu cpu6: Failed to get specification_serial_number
[   97.646769] cpu cpu6: Failed to get specification_serial_number
[   97.717619] cpu cpu6: Failed to get leakage
[   97.767670] cpu cpu6: Looking up cpu-supply from device tree
[   97.842053] cpu cpu6: pvtm=1711
[   97.883702] cpu cpu6: pvtm-volt-sel=5
[   97.927596] cpu cpu6: Looking up cpu-supply from device tree
[   97.995914] cpu cpu6: Looking up mem-supply from device tree
[   98.064919] cpu cpu0: avs=0
[   98.098882] rk_hdmirx fdee0000.hdmirx-controller: hdmirx_cancel_cpu_limit_freq freq qos nod add
[   98.099239] cpu cpu4: avs=0
[   98.237285] cpu cpu6: avs=0
[   98.270808] cpu cpu0: l=15000 h=85000 hyst=5000 l_limit=0 h_limit=1608000000 h_table=0
[   98.365850] cpu cpu0: EM: OPP:816000 is inefficient
[   98.424330] cpu cpu0: EM: created perf domain
[   98.477044] cpu cpu4: l=15000 h=85000 hyst=5000 l_limit=0 h_limit=2208000000 h_table=0
[   98.578401] cpu cpu4: EM: OPP:1008000 is inefficient
[   98.637811] cpu cpu4: EM: OPP:816000 is inefficient
[   98.696319] cpu cpu4: EM: created perf domain
[   98.749058] cpu cpu6: l=15000 h=85000 hyst=5000 l_limit=0 h_limit=2208000000 h_table=0
[   98.850306] cpu cpu6: EM: OPP:1008000 is inefficient
[   98.909722] cpu cpu6: EM: OPP:816000 is inefficient
[   98.968248] cpu cpu6: EM: created perf domain
[   99.021899] sdhci: Secure Digital Host Controller Interface driver
[   99.095875] sdhci: Copyright(c) Pierre Ossman
[   99.148001] Synopsys Designware Multimedia Card Interface Driver
[   99.220361] sdhci-pltfm: SDHCI platform and OF driver helper
[   99.222820] dwmmc_rockchip fe2c0000.mmc: No normal pinctrl state
[   99.289781] sdhci-dwcmshc fe2e0000.mmc: Looking up vmmc-supply from device tree
[   99.360071] dwmmc_rockchip fe2c0000.mmc: No idle pinctrl state
[   99.360147] dwmmc_rockchip fe2c0000.mmc: IDMAC supports 32-bit address mode.
[   99.447595] sdhci-dwcmshc fe2e0000.mmc: Looking up vmmc-supply property in node /mmc@fe2e0000 failed
[   99.517507] dwmmc_rockchip fe2c0000.mmc: Using internal DMA controller.
[   99.601923] sdhci-dwcmshc fe2e0000.mmc: Looking up vqmmc-supply from device tree
[   99.602340] ledtrig-cpu: registered to indicate activity on CPUs
[   99.602395] arm-scmi firmware:scmi: Failed. SCMI protocol 17 not active.
[   99.602472] pstore: ignoring unexpected backend 'efi'
[   99.602680] SMCCC: SOC_ID: ARCH_SOC_ID not implemented, skipping ....
[   99.604494] cryptodev: driver 1.12 loaded.
[   99.604566] hid: raw HID events driver (C) Jiri Kosina
[   99.605194] usbcore: registered new interface driver usbhid
[   99.605204] usbhid: USB HID core driver
[   99.612250] rockchip-saradc fec10000.saradc: Looking up vref-supply from device tree
[   99.623036] SPI driver inv-icm42600-spi has no spi_device_id for invensense,icm42600
[   99.623046] SPI driver inv-icm42600-spi has no spi_device_id for invensense,icm42602
[   99.623053] SPI driver inv-icm42600-spi has no spi_device_id for invensense,icm42605
[   99.623058] SPI driver inv-icm42600-spi has no spi_device_id for invensense,icm42622
[   99.623830] optee: probing for conduit method.
[   99.623840] optee: api uid mismatch
[   99.623844] optee: probe of firmware:optee failed with error -22
[   99.625264] usbcore: registered new interface driver snd-usb-audio
[   99.630428] [Awinic] aw87xxx_pa_init:driver version: v2.2.0
[   99.633188] rockchip-i2s-tdm fddf0000.i2s: CLK-ALWAYS-ON: mclk: 12288000, bclk: 3072000, fsync: 48000
[   99.634654] rockchip-i2s-tdm fe470000.i2s: Register PCM for TRCM mode
[   99.635666] rockchip-i2s-tdm fe480000.i2s: Register PCM for TRCM mode
[   99.641979] Initializing XFRM netlink socket
[   99.642009] NET: Registered PF_PACKET protocol family
[   99.642514] [BT_RFKILL]: Enter rfkill_rk_init
[   99.642523] [WLAN_RFKILL]: Enter rfkill_wlan_init
[   99.643107] [WLAN_RFKILL]: Enter rfkill_wlan_probe
[   99.643145] [WLAN_RFKILL]: can't find rockchip,grf property
[   99.643151] [WLAN_RFKILL]: wlan_platdata_parse_dt: wifi_chip_type = ap6275p
[   99.643157] [WLAN_RFKILL]: wlan_platdata_parse_dt: enable wifi power control.
[   99.643163] [WLAN_RFKILL]: wlan_platdata_parse_dt: wifi power controled by gpio.
[   99.643187] [WLAN_RFKILL]: wlan_platdata_parse_dt: WIFI,poweren_gpio = 20 flags = 0.
[   99.643223] [WLAN_RFKILL]: wlan_platdata_parse_dt: The ref_wifi_clk not found !
[   99.643229] [WLAN_RFKILL]: rfkill_wlan_probe: init gpio
[   99.643235] [WLAN_RFKILL]: rfkill_set_wifi_bt_power: 1
[   99.643241] [WLAN_RFKILL]: Exit rfkill_wlan_probe
[   99.644395] [BT_RFKILL]: bluetooth_platdata_parse_dt: get property: uart_rts_gpios = 34.
[   99.644500] [BT_RFKILL]: bluetooth_platdata_parse_dt: get property: BT,power_gpio = 22.
[   99.644527] [BT_RFKILL]: bluetooth_platdata_parse_dt: get property: BT,wake_gpio = 21.
[   99.644544] [BT_RFKILL]: bluetooth_platdata_parse_dt: get property: BT,wake_host_irq = 0.
[   99.644686] [BT_RFKILL]: Request irq for bt wakeup host
[   99.645186] [BT_RFKILL]: ** disable irq
[   99.674631] [BT_RFKILL]: bt shut off power
[   99.674682] [BT_RFKILL]: bt_default device registered.
[   99.674883] input: bt-powerkey as /devices/platform/wireless-bluetooth/input/input0
[   99.675474] Key type dns_resolver registered
[   99.675503] Key type ceph registered
[   99.676055] libceph: loaded (mon/osd proto 15/24)
[   99.678284] registered taskstats version 1
[   99.678312] Loading compiled-in X.509 certificates
[   99.679359] Btrfs loaded, crc32c=crc32c-generic, zoned=no, fsverity=no
[   99.679826] pstore: Using crash dump compression: deflate
[   99.687840] rga3 fdb60000.rga: Adding to iommu group 2
[   99.688407] rga3 fdb60000.rga: probe successfully, irq = 47, hw_version:3.0.76831
[   99.688582] rga3 fdb70000.rga: Adding to iommu group 3
[   99.688996] rga3 fdb70000.rga: probe successfully, irq = 48, hw_version:3.0.76831
[   99.689937] rga2 fdb80000.rga: probe successfully, irq = 102, hw_version:3.2.63318
[   99.690190] rga_iommu: IOMMU binding successfully, default mapping core[0x1]
[   99.690462] rga: Module initialized. v1.3.4
[   99.710236] reg-fixed-voltage pcie30-avdd1v8: Looking up vin-supply from device tree
[   99.710347] pcie30_avdd1v8: supplied by avcc_1v8_s0
[   99.710353] avcc_1v8_s0: could not add device link regulator.31: -ENOENT
[   99.711111] dwmmc_rockchip fe2c0000.mmc: Version ID is 270a
[   99.711170] dwmmc_rockchip fe2c0000.mmc: DW MMC controller at irq 95,32 bit host data width,256 deep fifo
[   99.714342] pcie30_avdd1v8: 1800 mV, enabled
[   99.714477] reg-fixed-voltage pcie30-avdd1v8: pcie30_avdd1v8 supplying 1800000uV
[   99.714580] reg-fixed-voltage pcie30-avdd0v75: Looking up vin-supply from device tree
[   99.714626] pcie30_avdd0v75: supplied by avdd_0v75_s0
[   99.714631] avdd_0v75_s0: could not add device link regulator.32: -ENOENT
[   99.716754] pcie30_avdd0v75: 750 mV, enabled
[   99.716871] reg-fixed-voltage pcie30-avdd0v75: pcie30_avdd0v75 supplying 750000uV
[   99.717127] phy phy-fd5d8000.syscon:usb2-phy@8000.9: Looking up phy-supply from device tree
[   99.717660] phy phy-fd5dc000.syscon:usb2-phy@c000.9: Looking up phy-supply from device tree
[   99.718083] phy phy-fd5d4000.syscon:usb2-phy@4000.9: Looking up phy-supply from device tree
[   99.718797] phy phy-fed80000.phy.9: Looking up phy-supply from device tree
[   99.718803] phy phy-fed80000.phy.9: Looking up phy-supply property in node /phy@fed80000/dp-port failed
[   99.718862] phy phy-fed80000.phy.10: Looking up phy-supply from device tree
[   99.718868] phy phy-fed80000.phy.10: Looking up phy-supply property in node /phy@fed80000/u3-port failed
[   99.719266] mpp_vdpu2 fdb50400.vdpu: Adding to iommu group 1
[   99.719614] mpp_vdpu2 fdb50400.vdpu: probe device
[   99.719790] mpp_vdpu2 fdb50400.vdpu: reset_group->rw_sem_on=0
[   99.719800] mpp_vdpu2 fdb50400.vdpu: reset_group->rw_sem_on=0
[   99.719830] mpp_vdpu2 fdb50400.vdpu: probing finish
[   99.720018] mpp_vepu2 fdba0000.jpege-core: Adding to iommu group 5
[   99.720116] mpp_vepu2 fdba0000.jpege-core: probing start
[   99.720289] mpp_vepu2 fdba0000.jpege-core: attach ccu success
[   99.720319] mpp_vepu2 fdba0000.jpege-core: probing finish
[   99.720476] mpp_vepu2 fdba4000.jpege-core: Adding to iommu group 6
[   99.720576] mpp_vepu2 fdba4000.jpege-core: probing start
[   99.720735] mpp_vepu2 fdba4000.jpege-core: attach ccu success
[   99.720761] mpp_vepu2 fdba4000.jpege-core: probing finish
[   99.720940] mpp_vepu2 fdba8000.jpege-core: Adding to iommu group 7
[   99.721037] mpp_vepu2 fdba8000.jpege-core: probing start
[   99.721213] mpp_vepu2 fdba8000.jpege-core: attach ccu success
[   99.721241] mpp_vepu2 fdba8000.jpege-core: probing finish
[   99.721419] mpp_vepu2 fdbac000.jpege-core: Adding to iommu group 8
[   99.721521] mpp_vepu2 fdbac000.jpege-core: probing start
[   99.721692] mpp_vepu2 fdbac000.jpege-core: attach ccu success
[   99.721721] mpp_vepu2 fdbac000.jpege-core: probing finish
[   99.721885] mpp-iep2 fdbb0000.iep: Adding to iommu group 9
[   99.721990] mpp-iep2 fdbb0000.iep: probe device
[   99.722156] mpp-iep2 fdbb0000.iep: allocate roi buffer failed
[   99.722171] mpp-iep2 fdbb0000.iep: probing finish
[   99.722352] mpp_jpgdec fdb90000.jpegd: Adding to iommu group 4
[   99.722579] mpp_jpgdec fdb90000.jpegd: probe device
[   99.722779] mpp_jpgdec fdb90000.jpegd: probing finish
[   99.722979] mpp_rkvdec2 fdc38100.rkvdec-core: Adding to iommu group 12
[   99.723341] mpp_rkvdec2 fdc38100.rkvdec-core: rkvdec-core, probing start
[   99.723524] mpp_rkvdec2 fdc38100.rkvdec-core: shared_niu_a is not found!
[   99.723528] rkvdec2_init:1197: No niu aclk reset resource define
[   99.723533] mpp_rkvdec2 fdc38100.rkvdec-core: shared_niu_h is not found!
[   99.723536] rkvdec2_init:1200: No niu hclk reset resource define
[   99.723554] mpp_rkvdec2 fdc38100.rkvdec-core: Looking up vdec-supply from device tree
[   99.723559] mpp_rkvdec2 fdc38100.rkvdec-core: Looking up vdec-supply property in node /rkvdec-core@fdc38000 failed
[   99.723576] mpp_rkvdec2 fdc38100.rkvdec-core: no regulator, devfreq is disabled
[   99.723646] mpp_rkvdec2 fdc38100.rkvdec-core: core_mask=00010001
[   99.723650] mpp_rkvdec2 fdc38100.rkvdec-core: attach ccu as core 0
[   99.723842] mpp_rkvdec2 fdc38100.rkvdec-core: sram_start 0x00000000ff001000
[   99.723848] mpp_rkvdec2 fdc38100.rkvdec-core: rcb_iova 0x00000000fff00000
[   99.723851] mpp_rkvdec2 fdc38100.rkvdec-core: sram_size 491520
[   99.723855] mpp_rkvdec2 fdc38100.rkvdec-core: rcb_size 1048576
[   99.723860] mpp_rkvdec2 fdc38100.rkvdec-core: min_width 512
[   99.723866] mpp_rkvdec2 fdc38100.rkvdec-core: rcb_info_count 20
[   99.723869] mpp_rkvdec2 fdc38100.rkvdec-core: [136, 24576]
[   99.723873] mpp_rkvdec2 fdc38100.rkvdec-core: [137, 49152]
[   99.723877] mpp_rkvdec2 fdc38100.rkvdec-core: [141, 90112]
[   99.723881] mpp_rkvdec2 fdc38100.rkvdec-core: [140, 49152]
[   99.723885] mpp_rkvdec2 fdc38100.rkvdec-core: [139, 180224]
[   99.723889] mpp_rkvdec2 fdc38100.rkvdec-core: [133, 49152]
[   99.723893] mpp_rkvdec2 fdc38100.rkvdec-core: [134, 8192]
[   99.723897] mpp_rkvdec2 fdc38100.rkvdec-core: [135, 4352]
[   99.723900] mpp_rkvdec2 fdc38100.rkvdec-core: [138, 13056]
[   99.723904] mpp_rkvdec2 fdc38100.rkvdec-core: [142, 291584]
[   99.723944] mpp_rkvdec2 fdc38100.rkvdec-core: probing finish
[   99.724114] mpp_rkvdec2 fdc48100.rkvdec-core: Adding to iommu group 13
[   99.724435] mpp_rkvdec2 fdc48100.rkvdec-core: rkvdec-core, probing start
[   99.724611] mpp_rkvdec2 fdc48100.rkvdec-core: shared_niu_a is not found!
[   99.724615] rkvdec2_init:1197: No niu aclk reset resource define
[   99.724620] mpp_rkvdec2 fdc48100.rkvdec-core: shared_niu_h is not found!
[   99.724622] rkvdec2_init:1200: No niu hclk reset resource define
[   99.724640] mpp_rkvdec2 fdc48100.rkvdec-core: Looking up vdec-supply from device tree
[   99.724645] mpp_rkvdec2 fdc48100.rkvdec-core: Looking up vdec-supply property in node /rkvdec-core@fdc48000 failed
[   99.724660] mpp_rkvdec2 fdc48100.rkvdec-core: no regulator, devfreq is disabled
[   99.724719] mpp_rkvdec2 fdc48100.rkvdec-core: core_mask=00020002
[   99.724737] mpp_rkvdec2 fdc48100.rkvdec-core: attach ccu as core 1
[   99.724924] mpp_rkvdec2 fdc48100.rkvdec-core: sram_start 0x00000000ff079000
[   99.724929] mpp_rkvdec2 fdc48100.rkvdec-core: rcb_iova 0x00000000ffe00000
[   99.724933] mpp_rkvdec2 fdc48100.rkvdec-core: sram_size 487424
[   99.724936] mpp_rkvdec2 fdc48100.rkvdec-core: rcb_size 1048576
[   99.724941] mpp_rkvdec2 fdc48100.rkvdec-core: min_width 512
[   99.724947] mpp_rkvdec2 fdc48100.rkvdec-core: rcb_info_count 20
[   99.724950] mpp_rkvdec2 fdc48100.rkvdec-core: [136, 24576]
[   99.724954] mpp_rkvdec2 fdc48100.rkvdec-core: [137, 49152]
[   99.724958] mpp_rkvdec2 fdc48100.rkvdec-core: [141, 90112]
[   99.724962] mpp_rkvdec2 fdc48100.rkvdec-core: [140, 49152]
[   99.724966] mpp_rkvdec2 fdc48100.rkvdec-core: [139, 180224]
[   99.724970] mpp_rkvdec2 fdc48100.rkvdec-core: [133, 49152]
[   99.724974] mpp_rkvdec2 fdc48100.rkvdec-core: [134, 8192]
[   99.724978] mpp_rkvdec2 fdc48100.rkvdec-core: [135, 4352]
[   99.724982] mpp_rkvdec2 fdc48100.rkvdec-core: [138, 13056]
[   99.724985] mpp_rkvdec2 fdc48100.rkvdec-core: [142, 291584]
[   99.725023] mpp_rkvdec2 fdc48100.rkvdec-core: probing finish
[   99.725209] mpp_rkvenc2 fdbd0000.rkvenc-core: Adding to iommu group 10
[   99.725421] mpp_rkvenc2 fdbd0000.rkvenc-core: probing start
[   99.725638] mpp_rkvenc2 fdbd0000.rkvenc-core: Looking up venc-supply from device tree
[   99.725645] mpp_rkvenc2 fdbd0000.rkvenc-core: Looking up venc-supply property in node /rkvenc-core@fdbd0000 failed
[   99.725660] mpp_rkvenc2 fdbd0000.rkvenc-core: rockchip_init_read_margin: no regulator (venc) found: -19
[   99.725667] mpp_rkvenc2 fdbd0000.rkvenc-core: bin=0
[   99.725707] mpp_rkvenc2 fdbd0000.rkvenc-core: Failed to get leakage
[   99.725747] mpp_rkvenc2 fdbd0000.rkvenc-core: Looking up venc-supply from device tree
[   99.725753] mpp_rkvenc2 fdbd0000.rkvenc-core: Looking up venc-supply property in node /rkvenc-core@fdbd0000 failed
[   99.725768] mpp_rkvenc2 fdbd0000.rkvenc-core: error -ENODEV: _opp_set_regulators: no regulator (venc) found
[   99.725794] mpp_rkvenc2 fdbd0000.rkvenc-core: failed to set opp config
[   99.725798] mpp_rkvenc2 fdbd0000.rkvenc-core: failed to init opp info
[   99.725802] mpp_rkvenc2 fdbd0000.rkvenc-core: failed to init_opp_table
[   99.725804] rkvenc_init:2147: failed to add venc devfreq
[   99.725841] mpp_rkvenc2 fdbd0000.rkvenc-core: attach ccu as core 0
[   99.725873] mpp_rkvenc2 fdbd0000.rkvenc-core: probing finish
[   99.726068] mpp_rkvenc2 fdbe0000.rkvenc-core: Adding to iommu group 11
[   99.726294] mpp_rkvenc2 fdbe0000.rkvenc-core: probing start
[   99.726473] mpp_rkvenc2 fdbe0000.rkvenc-core: Looking up venc-supply from device tree
[   99.726486] mpp_rkvenc2 fdbe0000.rkvenc-core: Looking up venc-supply property in node /rkvenc-core@fdbe0000 failed
[   99.726502] mpp_rkvenc2 fdbe0000.rkvenc-core: rockchip_init_read_margin: no regulator (venc) found: -19
[   99.726508] mpp_rkvenc2 fdbe0000.rkvenc-core: bin=0
[   99.726519] mpp_rkvenc2 fdbe0000.rkvenc-core: Failed to get leakage
[   99.726548] mpp_rkvenc2 fdbe0000.rkvenc-core: Looking up venc-supply from device tree
[   99.726553] mpp_rkvenc2 fdbe0000.rkvenc-core: Looking up venc-supply property in node /rkvenc-core@fdbe0000 failed
[   99.726566] mpp_rkvenc2 fdbe0000.rkvenc-core: error -ENODEV: _opp_set_regulators: no regulator (venc) found
[   99.726582] mpp_rkvenc2 fdbe0000.rkvenc-core: failed to set opp config
[   99.726585] mpp_rkvenc2 fdbe0000.rkvenc-core: failed to init opp info
[   99.726589] mpp_rkvenc2 fdbe0000.rkvenc-core: failed to init_opp_table
[   99.726591] rkvenc_init:2147: failed to add venc devfreq
[   99.726645] mpp_rkvenc2 fdbe0000.rkvenc-core: attach ccu as core 1
[   99.726678] mpp_rkvenc2 fdbe0000.rkvenc-core: probing finish
[   99.726866] mpp_av1dec fdc70000.av1d: Adding to iommu group 14
[   99.727176] mpp_av1dec fdc70000.av1d: probing start
[   99.727420] mpp_av1dec fdc70000.av1d: probing finish
[   99.729135] rockchip-pm-domain fd8d8000.power-management:power-controller: Looking up gpu-supply from device tree
[   99.729180] rockchip-pm-domain fd8d8000.power-management:power-controller: Looking up gpu-supply property in node /power-management@fd8d8000/power-controller failed
[   99.729351] mali fb000000.gpu: Kernel DDK version g18p0-01eac0
[   99.729438] mali fb000000.gpu: Looking up mali-supply from device tree
[   99.729544] mali fb000000.gpu: Looking up mem-supply from device tree
[   99.730803] mali fb000000.gpu: Looking up mali-supply from device tree
[   99.730818] vdd_gpu_s0: could not add device link fb000000.gpu: -EEXIST
[   99.730822] vdd_gpu_s0: Failed to create debugfs directory
[   99.730918] mali fb000000.gpu: Failed to get specification_serial_number
[   99.730925] mali fb000000.gpu: Failed to get specification_serial_number
[   99.730936] mali fb000000.gpu: Failed to get leakage
[   99.730951] mali fb000000.gpu: Looking up mali-supply from device tree
[   99.730964] debugfs: Directory 'fb000000.gpu-mali' with parent 'vdd_gpu_s0' already present!
[   99.730968] vdd_gpu_s0: Failed to create debugfs directory
[   99.732459] mali fb000000.gpu: pvtm=911
[   99.732654] mali fb000000.gpu: pvtm-volt-sel=5
[   99.732684] mali fb000000.gpu: Looking up mali-supply from device tree
[   99.732697] debugfs: Directory 'fb000000.gpu-mali' with parent 'vdd_gpu_s0' already present!
[   99.732701] vdd_gpu_s0: Failed to create debugfs directory
[   99.732706] mali fb000000.gpu: Looking up mem-supply from device tree
[   99.732717] vdd_gpu_s0: could not add device link fb000000.gpu: -EEXIST
[   99.732720] vdd_gpu_s0: Failed to create debugfs directory
[   99.733454] mali fb000000.gpu: avs=0
[   99.733476] W : [File] : drivers/gpu/arm/bifrost/platform/rk/mali_kbase_config_rk.c; [Line] : 144; [Func] : kbase_platform_rk_init(); power-off-delay-ms not available.
[   99.734069] mali fb000000.gpu: r0p0 status 5 not found in HW issues table;
[   99.734075] mali fb000000.gpu: falling back to closest match: r0p0 status 0
[   99.734080] mali fb000000.gpu: Execution proceeding normally with fallback match
[   99.734083] mali fb000000.gpu: GPU identified as 0x7 arch 10.8.6 r0p0 status 0
[   99.734125] mali fb000000.gpu: No priority control manager is configured
[   99.734300] mali fb000000.gpu: No memory group manager is configured
[   99.734324] mali fb000000.gpu: Protected memory allocator not available
[   99.735300] mali fb000000.gpu: Capping CSF_FIRMWARE_TIMEOUT to CSF_FIRMWARE_PING_TIMEOUT
[   99.735580] mali fb000000.gpu: EM: OPP:600000 is inefficient
[   99.735585] mali fb000000.gpu: EM: OPP:500000 is inefficient
[   99.735589] mali fb000000.gpu: EM: OPP:400000 is inefficient
[   99.735593] mali fb000000.gpu: EM: OPP:300000 is inefficient
[   99.735718] mali fb000000.gpu: EM: created perf domain
[   99.736868] mali fb000000.gpu: l=15000 h=85000 hyst=5000 l_limit=0 h_limit=800000000 h_table=0
[   99.737492] mali fb000000.gpu: Probed as mali0
[   99.739697] rockchip-dmc dmc: Failed to get specification_serial_number
[   99.739713] rockchip-dmc dmc: Failed to get specification_serial_number
[   99.739739] rockchip-dmc dmc: Failed to get leakage
[   99.739751] rockchip-dmc dmc: soc version=0, speed=0
[   99.739809] rockchip-dmc dmc: Looking up center-supply from device tree
[   99.740100] rockchip-dmc dmc: Looking up mem-supply from device tree
[   99.741018] rockchip-dmc dmc: avs=0
[   99.741045] rockchip-dmc dmc: current ATF version 0x0
[   99.741053] rockchip-dmc dmc: trusted firmware unsupported, please update.
[   99.744208] phy phy-fd5d8000.syscon:usb2-phy@8000.11: Looking up phy-supply from device tree
[   99.745021] phy phy-fd5dc000.syscon:usb2-phy@c000.11: Looking up phy-supply from device tree
[   99.745789] phy phy-fd5d4000.syscon:usb2-phy@4000.11: Looking up phy-supply from device tree
[   99.749841] phy phy-fd5d8000.syscon:usb2-phy@8000.11: Looking up phy-supply from device tree
[   99.750038] phy phy-fd5dc000.syscon:usb2-phy@c000.11: Looking up phy-supply from device tree
[   99.750229] phy phy-fd5d4000.syscon:usb2-phy@4000.11: Looking up phy-supply from device tree
[   99.751612] rockchip-pm-domain fd8d8000.power-management:power-controller: Looking up sdio-supply from device tree
[   99.751658] rockchip-pm-domain fd8d8000.power-management:power-controller: Looking up sdio-supply property in node /power-management@fd8d8000/power-controller failed
[   99.751739] rockchip-pm-domain fd8d8000.power-management:power-controller: Looking up npu-supply from device tree
[   99.751773] rockchip-pm-domain fd8d8000.power-management:power-controller: Looking up npu-supply property in node /power-management@fd8d8000/power-controller failed
[   99.752364] RKNPU fdab0000.npu: Adding to iommu group 0
[   99.752433] RKNPU fdab0000.npu: RKNPU: rknpu iommu is enabled, using iommu mode
[   99.752477] RKNPU fdab0000.npu: Looking up rknpu-supply from device tree
[   99.752979] RKNPU fdab0000.npu: Looking up mem-supply from device tree
[   99.753438] RKNPU fdab0000.npu: can't request region for resource [mem 0xfdab0000-0xfdabffff]
[   99.753451] RKNPU fdab0000.npu: can't request region for resource [mem 0xfdac0000-0xfdacffff]
[   99.753458] RKNPU fdab0000.npu: can't request region for resource [mem 0xfdad0000-0xfdadffff]
[   99.753701] [drm] Initialized rknpu 0.9.7 20240424 for fdab0000.npu on minor 0
[   99.758089] rockchip-pm-domain fd8d8000.power-management:power-controller: Looking up nputop-supply from device tree
[   99.758102] rockchip-pm-domain fd8d8000.power-management:power-controller: Looking up nputop-supply property in node /power-management@fd8d8000/power-controller failed
[   99.758160] rockchip-pm-domain fd8d8000.power-management:power-controller: Looking up npu1-supply from device tree
[   99.758167] rockchip-pm-domain fd8d8000.power-management:power-controller: Looking up npu1-supply property in node /power-management@fd8d8000/power-controller failed
[   99.758216] rockchip-pm-domain fd8d8000.power-management:power-controller: Looking up npu2-supply from device tree
[   99.758222] rockchip-pm-domain fd8d8000.power-management:power-controller: Looking up npu2-supply property in node /power-management@fd8d8000/power-controller failed
[   99.758344] RKNPU fdab0000.npu: Looking up rknpu-supply from device tree
[   99.758351] vdd_npu_s0: could not add device link fdab0000.npu: -EEXIST
[   99.758353] vdd_npu_s0: Failed to create debugfs directory
[   99.759702] RKNPU fdab0000.npu: RKNPU: Failed to get specification_serial_number
[   99.759704] RKNPU fdab0000.npu: Failed to get specification_serial_number
[   99.759710] RKNPU fdab0000.npu: Failed to get leakage
[   99.759718] RKNPU fdab0000.npu: Looking up rknpu-supply from device tree
[   99.759725] debugfs: Directory 'fdab0000.npu-rknpu' with parent 'vdd_npu_s0' already present!
[   99.759727] vdd_npu_s0: Failed to create debugfs directory
[   99.766300] RKNPU fdab0000.npu: pvtm=906
[   99.771511] RKNPU fdab0000.npu: pvtm-volt-sel=4
[   99.771558] RKNPU fdab0000.npu: Looking up rknpu-supply from device tree
[   99.771578] debugfs: Directory 'fdab0000.npu-rknpu' with parent 'vdd_npu_s0' already present!
[   99.771584] vdd_npu_s0: Failed to create debugfs directory
[   99.772036] RKNPU fdab0000.npu: Looking up mem-supply from device tree
[   99.772056] vdd_npu_s0: could not add device link fdab0000.npu: -EEXIST
[   99.772061] vdd_npu_s0: Failed to create debugfs directory
[   99.773359] RKNPU fdab0000.npu: avs=0
[   99.773489] RKNPU fdab0000.npu: l=15000 h=85000 hyst=5000 l_limit=0 h_limit=800000000 h_table=0
[   99.784133] cfg80211: Loading compiled-in X.509 certificates for regulatory database
[   99.787098] phy phy-fd5d8000.syscon:usb2-phy@8000.11: Looking up phy-supply from device tree
[   99.787514] phy phy-fd5dc000.syscon:usb2-phy@c000.11: Looking up phy-supply from device tree
[   99.787939] phy phy-fd5d4000.syscon:usb2-phy@4000.11: Looking up phy-supply from device tree
[   99.790282] sdhci-dwcmshc fe2e0000.mmc: Looking up vqmmc-supply property in node /mmc@fe2e0000 failed
[   99.797908] cfg80211: Loaded X.509 cert 'sforshee: 00b28ddf47aef9cea7'
[   99.878879] dwmmc_rockchip fe2c0000.mmc: Looking up vmmc-supply from device tree
[   99.951197] cfg80211: Loaded X.509 cert 'wens: 61c038651aabdcf94bd0ac7ff06c7248db18c600'
[  100.030891] dwmmc_rockchip fe2c0000.mmc: Looking up vmmc-supply property in node /mmc@fe2c0000 failed
[  100.091322] rockchip-pm-domain fd8d8000.power-management:power-controller: Looking up usb-supply from device tree
[  100.168405] dwmmc_rockchip fe2c0000.mmc: Looking up vqmmc-supply from device tree
[  100.168633] mmc0: CQHCI version 5.10
[  100.168813] platform regulatory.0: Direct firmware load for regulatory.db failed with error -2
[  100.168821] cfg80211: failed to load regulatory.db
[  100.217379] rockchip-pm-domain fd8d8000.power-management:power-controller: Looking up usb-supply property in node /power-management@fd8d8000/power-controller failed
[  102.724479] vendor storage:20190527 ret = -1
[  102.775711] ALSA device list:
[  102.786723] mmc0: SDHCI controller on fe2e0000.mmc [fe2e0000.mmc] using ADMA
[  102.792754] phy phy-fd5d8000.syscon:usb2-phy@8000.11: Looking up phy-supply from device tree
[  102.838453] phy phy-fd5dc000.syscon:usb2-phy@c000.11: Looking up phy-supply from device tree
[  102.854497] mmc_host mmc1: Bus speed (slot 0) = 400000Hz (slot req 400000Hz, actual 400000HZ div = 0)
[  102.881474]   No soundcards found.
[  124.584191] phy phy-fd5d4000.syscon:usb2-phy@4000.11: Looking up phy-supply from device tree
[  124.587786] Freeing unused kernel memory: 7552K
[  124.591924] mmc0: Card stuck being busy! __mmc_poll_for_busy
[  124.695655] phy phy-fd5d8000.syscon:usb2-phy@8000.11: Looking up phy-supply from device tree
[  124.739574] mmc0: Command Queue Engine enabled
[  124.807285] phy phy-fd5dc000.syscon:usb2-phy@c000.11: Looking up phy-supply from device tree
[  124.908116] mmc0: new HS400 Enhanced strobe MMC card at address 0001
[  124.961367] platform fd5d4000.syscon:usb2-phy@4000: deferred probe pending
[  125.062596] mmcblk0: mmc0:0001 CJTD4R 58.2 GiB 
[  125.138267] platform fed90000.phy: deferred probe pending
[  125.138269] platform fde60000.dp: deferred probe pending
[  125.138271] platform fc400000.usb: deferred probe pending
[  125.138273] i2c 6-0022: deferred probe pending
[  125.138274] platform fc800000.usb: deferred probe pending
[  125.138311] Run /init as init process
[  125.141818] GPT:Primary header thinks Alt. header is not at the end of the disk.
[  125.141819] GPT:9183599 != 122142719
[  125.141821] GPT:Alternate GPT header not at the end of the disk.
[  125.141822] GPT:9183599 != 122142719
[  125.141823] GPT: Use GNU Parted to correct GPT errors.
[  125.141830]  mmcblk0: p1 p2 p3
[  125.142363] mmcblk0boot0: mmc0:0001 CJTD4R 4.00 MiB 
[  125.143099] mmcblk0boot1: mmc0:0001 CJTD4R 4.00 MiB 
[  125.143751] mmcblk0rpmb: mmc0:0001 CJTD4R 4.00 MiB, chardev (511:0)
[  125.220546] platform fc880000.usb: deferred probe pending
[  125.274725]   with arguments:
[  125.274727] platform fc840000.usb: deferred probe pending
[  125.274729]     /init
[  125.274732] platform fc8c0000.usb: deferred probe pending
[  125.274734]   with environment:
[  125.274736] platform leds: deferred probe pending
[  125.274738]     HOME=/
[  125.274741] platform bt-sound: deferred probe pending
[  125.274743]     TERM=linux
[  125.274745] platform dp0-sound: deferred probe pending
[  125.274747]     BOOT_IMAGE=/@/boot/vmlinuz-linux-rockchip-rkr3
[  125.274749] platform hdmi0-sound: deferred probe pending
[  126.831653] platform hdmi1-sound: deferred probe pending
[  126.831656] platform hdmiin-sound: deferred probe pending
[  126.831658] platform mtd_vendor_storage: deferred probe pending
[  126.831660] platform vcc-hub3-reset-regulator: deferred probe pending
[  127.107677] platform vbus5v0-typec-pwr-en-regulator: deferred probe pending
[  127.107679] platform vcc-hub-reset-regulator: deferred probe pending
[  127.267010] platform vcc5v0-host3: deferred probe pending
[  127.267012] platform vcc5v0-host: deferred probe pending
[  127.267014] platform vcc-sata-pwr-en-regulator: deferred probe pending
[  127.473145] platform vcc-fan-pwr-en-regulator: deferred probe pending
[  127.473147] platform vcc-sdcard-pwr-en-regulator: deferred probe pending
[  127.630298] platform fd5d8000.syscon:usb2-phy@8000: deferred probe pending
[  127.630300] platform fd5dc000.syscon:usb2-phy@c000: deferred probe pending
[  127.794889] phy phy-fd5d4000.syscon:usb2-phy@4000.11: Looking up phy-supply from device tree
[  127.898260] phy phy-fd5d8000.syscon:usb2-phy@8000.11: Looking up phy-supply from device tree
[  127.999456] phy phy-fd5dc000.syscon:usb2-phy@c000.11: Looking up phy-supply from device tree
[  128.276573] BTRFS: device label ROOTFS devid 1 transid 38 /dev/mmcblk0p3 scanned by (udev-worker) (289)
[  128.542049] BTRFS info (device mmcblk0p3): first mount of filesystem cac7d3a8-a0d9-42ad-8fd1-5f50a30c5a7c
[  128.656667] BTRFS info (device mmcblk0p3): using crc32c (crc32c-generic) checksum algorithm
[  128.756700] BTRFS info (device mmcblk0p3): using free space tree
[  128.849307] BTRFS info (device mmcblk0p3): enabling ssd optimizations
[  128.926404] BTRFS info (device mmcblk0p3): start tree-log replay
[  129.047458] BTRFS info (device mmcblk0p3): checking UUID tree
[  129.328854] systemd[1]: Setting '/proc/sys/kernel/printk_devkmsg' to 'on'
[  129.410202] systemd[1]: Smack is not enabled in the kernel.
[  129.476914] systemd[1]: IPE support is disabled in the kernel, ignoring: No such file or directory
[  129.588815] systemd[1]: System time advanced to built-in epoch: Sat 2025-04-19 23:00:48 BST
[  129.688971] systemd[1]: Your kernel apparently lacks built-in ipv6 support. Might be a good idea to compile it in. We'll now try to work around this by loading the module...
[  129.891803] systemd[1]: Loaded 'libkmod.so.2' via dlopen()
[  129.969631] systemd[1]: Loading module: ipv6
[  130.035701] NET: Registered PF_INET6 protocol family
[  130.095997] Segment Routing with IPv6
[  130.139841] In-situ OAM (IOAM) with IPv6
[  130.187069] systemd[1]: Inserted module 'ipv6'
[  130.240291] systemd[1]: Loading module: ip_tables
[  130.300078] systemd[1]: Inserted module 'ip_tables'
[  130.358616] systemd[1]: No virtualization found in DMI vendor table.
[  130.434698] systemd[1]: Unable to read /sys/firmware/dmi/entries/0-0/raw, using the virtualization information found in DMI vendor table, ignoring: No such file or directory
[  130.620161] systemd[1]: UML virtualization not found in /proc/cpuinfo.
[  130.698330] systemd[1]: Virtualization XEN not found, /proc/xen does not exist
[  130.784803] systemd[1]: No virtualization found in CPUID
[  130.848744] systemd[1]: No virtualization found in /proc/device-tree/*
[  130.926900] systemd[1]: This platform does not support /proc/sysinfo
[  131.002945] systemd[1]: Found VM virtualization none
[  131.062375] systemd[1]: Loading module: dmi-sysfs
[  131.118670] systemd[1]: Failed to find module 'dmi-sysfs'
[  131.183569] systemd[1]: Mounting tmpfs to /dev/shm of type tmpfs with options mode=01777.
[  131.281492] systemd[1]: Mounting tmpfs (tmpfs) on /dev/shm (MS_NOSUID|MS_NODEV|MS_STRICTATIME "mode=01777")...
[  131.401287] systemd[1]: Mounting devpts to /dev/pts of type devpts with options mode=0620,gid=5.
[  131.506462] systemd[1]: Mounting devpts (devpts) on /dev/pts (MS_NOSUID|MS_NOEXEC "mode=0620,gid=5")...
[  131.618989] systemd[1]: No filesystem is currently mounted on /sys/fs/cgroup.
[  131.704532] systemd[1]: Mounting cgroup2 to /sys/fs/cgroup of type cgroup2 with options nsdelegate,memory_recursiveprot.
[  131.834665] systemd[1]: Mounting cgroup2 (cgroup2) on /sys/fs/cgroup (MS_NOSUID|MS_NODEV|MS_NOEXEC "nsdelegate,memory_recursiveprot")...
[  131.981531] systemd[1]: Mounting pstore to /sys/fs/pstore of type pstore with options n/a.
[  132.080511] systemd[1]: Mounting pstore (pstore) on /sys/fs/pstore (MS_NOSUID|MS_NODEV|MS_NOEXEC "")...
[  132.193620] systemd[1]: Mounting bpf to /sys/fs/bpf of type bpf with options mode=0700.
[  132.289440] systemd[1]: Mounting bpf (bpf) on /sys/fs/bpf (MS_NOSUID|MS_NODEV|MS_NOEXEC "mode=0700")...
[  132.412872] systemd[1]: Failed to symlink /proc/self/fd to /dev/fd: File exists
[  132.500468] systemd[1]: Failed to symlink /proc/self/fd/0 to /dev/stdin: File exists
[  132.593174] systemd[1]: Failed to symlink /proc/self/fd/1 to /dev/stdout: File exists
[  132.686887] systemd[1]: Failed to symlink /proc/self/fd/2 to /dev/stderr: File exists
[  132.780735] systemd[1]: Found cgroup2 on /sys/fs/cgroup/, full unified hierarchy
[  132.869288] systemd[1]: Reading EFI variable /sys/firmware/efi/efivars/SecureBoot-8be4df61-93ca-11d2-aa0d-00e098032b8c.
[  132.998531] systemd[1]: Reading EFI variable /sys/firmware/efi/efivars/SystemdOptions-8cf2644b-4b0b-428f-9387-6d876050dc67.
[  133.131772] systemd[1]: open("/sys/firmware/efi/efivars/SystemdOptions-8cf2644b-4b0b-428f-9387-6d876050dc67") failed: No such file or directory
[  133.286767] systemd[1]: ProtectSystem=auto selected, but not running in an initrd, skipping.
[  133.387963] systemd[1]: systemd 257.5-2-arch running in system mode (+PAM +AUDIT -SELINUX -APPARMOR -IMA +IPE +SMACK +SECCOMP +GCRYPT +GNUTLS +OPENSSL +ACL +BLKID +CURL +ELFUTILS +FIDO2 +IDN2 -IDN +IPTC +KMOD +LIBCRYPTSETUP +LIBCRYPTSETUP_PLUGINS +LIBFDISK +PCRE2 +PWQUALITY +P11KIT +QRENCODE +TPM2 +BZIP2 +LZ4 +XZ +ZLIB +ZSTD +BPF_FRAMEWORK -BTF +XKBCOMMON +UTMP -SYSVINIT +LIBARCHIVE)
[  133.794900] systemd[1]: No confidential virtualization detection on this architecture
[  133.888657] systemd[1]: Detected architecture arm64.
[  133.948905] systemd[1]: Detected first boot.
[  134.000025] systemd[1]: Kernel version 6.1.75-rkr3, our baseline is 5.4
[  134.079256] systemd[1]: No credentials passed via fw_cfg.
[  134.143874] systemd[1]: No credentials passed from initrd.
[  134.209514] systemd[1]: Acquired 0 regular credentials, 0 untrusted credentials.
[  134.298823] systemd[1]: Hostname set to <bredos>.
[  134.355193] systemd[1]: Initializing machine ID from random generator.
[  134.438259] systemd[1]: Bind-mounting /run/machine-id on /etc/machine-id (MS_BIND "")...
[  134.535150] systemd[1]: Installed transient /etc/machine-id file.
[  134.608079] systemd[1]: Changing mount flags /etc/machine-id (MS_RDONLY|MS_REMOUNT|MS_BIND "")...
[  134.714502] systemd[1]: Successfully added address 127.0.0.1 to loopback interface
[  134.805127] systemd[1]: Successfully added address ::1 to loopback interface
[  134.889499] systemd[1]: Successfully brought loopback interface up
[  134.963512] systemd[1]: Setting '/proc/sys/net/unix/max_dgram_qlen' to '512'
[  135.047908] systemd[1]: Setting '/proc/sys/fs/file-max' to '9223372036854775807'
[  135.136461] systemd[1]: Setting '/proc/sys/fs/nr_open' to '2147483640'
[  135.214602] systemd[1]: Couldn't write fs.nr_open as 2147483640, halving it.
[  135.298975] systemd[1]: Setting '/proc/sys/fs/nr_open' to '1073741816'
[  135.377107] systemd[1]: Successfully bumped fs.nr_open to 1073741816
[  135.453339] systemd[1]: Reading EFI variable /sys/firmware/efi/efivars/LoaderTimeInitUSec-4a67b082-0a4c-41cf-b6c7-440b29bb8c4f.
[  135.590761] systemd[1]: open("/sys/firmware/efi/efivars/LoaderTimeInitUSec-4a67b082-0a4c-41cf-b6c7-440b29bb8c4f") failed: No such file or directory
[  135.748964] systemd[1]: Failed to read LoaderTimeInitUSec: No such file or directory
[  135.841842] systemd[1]: Found cgroup2 on /sys/fs/cgroup/, full unified hierarchy
[  135.930376] systemd[1]: Unified cgroup hierarchy is located at /sys/fs/cgroup.
[  136.045778] systemd[1]: bpf-firewall: Got EBADF when using BPF_F_ALLOW_MULTI, which indicates it is supported. Yay!
[  136.183997] systemd[1]: Loaded 'libbpf.so.1' via dlopen()
[  136.295507] systemd[1]: Loaded 'libbpf.so.1' via dlopen()
[  136.360173] systemd[1]: libbpf: prog 'sd_bind4': failed to attach to cgroup: Bad file descriptor
[  136.466786] systemd[1]: Loaded 'libbpf.so.1' via dlopen()
[  136.531419] systemd[1]: libbpf: prog 'sd_restrictif_i': failed to attach to cgroup: Bad file descriptor
[  136.643877] systemd[1]: Controller 'cpu' supported: yes
[  136.706397] systemd[1]: Controller 'cpuacct' supported: no
[  136.772097] systemd[1]: Controller 'cpuset' supported: yes
[  136.837736] systemd[1]: Controller 'io' supported: yes
[  136.899201] systemd[1]: Controller 'blkio' supported: no
[  136.962755] systemd[1]: Controller 'memory' supported: yes
[  137.028385] systemd[1]: Controller 'devices' supported: no
[  137.094019] systemd[1]: Controller 'pids' supported: yes
[  137.157574] systemd[1]: Controller 'bpf-firewall' supported: yes
[  137.229445] systemd[1]: Controller 'bpf-devices' supported: yes
[  137.300276] systemd[1]: Controller 'bpf-foreign' supported: yes
[  137.371103] systemd[1]: Controller 'bpf-socket-bind' supported: yes
[  137.446096] systemd[1]: Controller 'bpf-restrict-network-interfaces' supported: yes
[  137.537743] systemd[1]: Set up TFD_TIMER_CANCEL_ON_SET timerfd.
[  137.609450] systemd[1]: bpf-restrict-fs: BPF LSM hook not enabled in the kernel, BPF LSM not supported.
[  137.722004] systemd[1]: Using systemd-executor binary from '/usr/lib/systemd/systemd-executor'.
[  137.826204] systemd[1]: Enabling (yes) showing of status (command line).
[  137.907157] systemd[1]: Serializing system-environment-generators to memfd.
[  137.990723] systemd[1]: Successfully forked off '(sd-exec-strv)' as PID 381.
[  137.990935] (sd-exec-s[381]: Serializing 10-arch to memfd.
[  138.140722] (sd-exec-s[381]: About to execute /usr/lib/systemd/system-environment-generators/10-arch
[  138.250268] (sd-exec-s[381]: Successfully forked off '(exec-inner)' as PID 382.
[  138.337871] (sd-exec-s[381]: /usr/lib/systemd/system-environment-generators/10-arch succeeded.
[  138.442862] systemd[1]: (sd-exec-strv) succeeded.
[  138.500139] systemd[1]: Successfully forked off '(sd-gens)' as PID 383.
[  138.502910] (sd-gens)[383]: Successfully forked off '(sd-exec-strv)' as PID 384.
[  138.503343] (sd-exec-[384]: About to execute /usr/lib/systemd/system-generators/systemd-bless-boot-generator (null)
[  138.503841] (sd-exec-[384]: Successfully forked off '(exec-inner)' as PID 385.
[  138.503882] (sd-exec-[384]: About to execute /usr/lib/systemd/system-generators/systemd-cryptsetup-generator (null)
[  138.504388] (sd-exec-[384]: Successfully forked off '(exec-inner)' as PID 386.
[  138.504438] (sd-exec-[384]: About to execute /usr/lib/systemd/system-generators/systemd-debug-generator (null)
[  138.504970] (sd-exec-[384]: Successfully forked off '(exec-inner)' as PID 387.
[  138.505003] (sd-exec-[384]: About to execute /usr/lib/systemd/system-generators/systemd-fstab-generator (null)
[  138.505531] (sd-exec-[384]: Successfully forked off '(exec-inner)' as PID 388.
[  138.505562] (sd-exec-[384]: About to execute /usr/lib/systemd/system-generators/systemd-getty-generator (null)
[  138.506093] (sd-exec-[384]: Successfully forked off '(exec-inner)' as PID 389.
[  138.506128] (sd-exec-[384]: About to execute /usr/lib/systemd/system-generators/systemd-gpt-auto-generator (null)
[  138.506681] (sd-exec-[384]: Successfully forked off '(exec-inner)' as PID 390.
[  138.506717] (sd-exec-[384]: About to execute /usr/lib/systemd/system-generators/systemd-hibernate-resume-generator (null)
[  138.507275] (sd-exec-[384]: Successfully forked off '(exec-inner)' as PID 391.
[  138.507338] (sd-exec-[384]: About to execute /usr/lib/systemd/system-generators/systemd-import-generator (null)
[  138.507930] (sd-exec-[384]: Successfully forked off '(exec-inner)' as PID 392.
[  138.507970] (sd-exec-[384]: About to execute /usr/lib/systemd/system-generators/systemd-integritysetup-generator (null)
[  138.508532] (sd-exec-[384]: Successfully forked off '(exec-inner)' as PID 393.
[  138.508567] (sd-exec-[384]: About to execute /usr/lib/systemd/system-generators/systemd-run-generator (null)
[  138.509119] (sd-exec-[384]: Successfully forked off '(exec-inner)' as PID 394.
[  138.509158] (sd-exec-[384]: About to execute /usr/lib/systemd/system-generators/systemd-ssh-generator (null)
[  138.509725] (sd-exec-[384]: Successfully forked off '(exec-inner)' as PID 395.
[  138.509761] (sd-exec-[384]: About to execute /usr/lib/systemd/system-generators/systemd-system-update-generator (null)
[  138.510298] (sd-exec-[384]: Successfully forked off '(exec-inner)' as PID 396.
[  138.510348] (sd-exec-[384]: About to execute /usr/lib/systemd/system-generators/systemd-tpm2-generator (null)
[  138.510904] (sd-exec-[384]: Successfully forked off '(exec-inner)' as PID 397.
[  138.510976] (sd-exec-[384]: About to execute /usr/lib/systemd/system-generators/systemd-veritysetup-generator (null)
[  138.511556] (sd-exec-[384]: Successfully forked off '(exec-inner)' as PID 398.
[  138.511591] (sd-exec-[384]: About to execute /usr/lib/systemd/system-generators/zram-generator (null)
[  138.512157] (sd-exec-[384]: Successfully forked off '(exec-inner)' as PID 399.
[  138.589631] systemd-gpt-auto-generator[390]: Disabling root partition auto-detection, root= is defined.
[  138.595833] systemd-hibernate-resume-generator[391]: Not running in initrd, exiting.
[  138.596111] (sd-exec-[384]: /usr/lib/systemd/system-generators/systemd-system-update-generator succeeded.
[  138.597200] systemd-bless-boot-generator[385]: Skipping generator, not booted with boot counting in effect.
[  138.605540] systemd-fstab-generator[388]: Parsing /etc/fstab...
[  138.605838] systemd-fstab-generator[388]: Found entry what=/dev/disk/by-uuid/cac7d3a8-a0d9-42ad-8fd1-5f50a30c5a7c where=/ type=btrfs makefs=no growfs=no pcrfs=no noauto=no nofail=no
[  138.606230] systemd-fstab-generator[388]: Found entry what=/dev/disk/by-uuid/cac7d3a8-a0d9-42ad-8fd1-5f50a30c5a7c where=/.snapshots type=btrfs makefs=no growfs=no pcrfs=no noauto=no nofail=no
[  138.606525] systemd-fstab-generator[388]: Found entry what=/dev/disk/by-uuid/cac7d3a8-a0d9-42ad-8fd1-5f50a30c5a7c where=/home type=btrfs makefs=no growfs=no pcrfs=no noauto=no nofail=no
[  138.606873] systemd-fstab-generator[388]: Found entry what=/dev/disk/by-uuid/cac7d3a8-a0d9-42ad-8fd1-5f50a30c5a7c where=/var/cache/pacman/pkg type=btrfs makefs=no growfs=no pcrfs=no noauto=no nofail=no
[  138.607157] systemd-fstab-generator[388]: Found entry what=/dev/disk/by-uuid/cac7d3a8-a0d9-42ad-8fd1-5f50a30c5a7c where=/var/log type=btrfs makefs=no growfs=no pcrfs=no noauto=no nofail=no
[  138.607461] systemd-fstab-generator[388]: Found entry what=/dev/disk/by-uuid/0F85-2F81 where=/boot/efi type=vfat makefs=no growfs=no pcrfs=no noauto=no nofail=no
